Component: ARM Compiler 5.06 update 6 (build 750) Tool: armlink [4d35ed]

==============================================================================

Section Cross References

    diskio.o(i.disk_initialize) refers to ff_gen_drv.o(.bss) for disk
    diskio.o(i.disk_ioctl) refers to ff_gen_drv.o(.bss) for disk
    diskio.o(i.disk_read) refers to ff_gen_drv.o(.bss) for disk
    diskio.o(i.disk_status) refers to ff_gen_drv.o(.bss) for disk
    diskio.o(i.disk_write) refers to ff_gen_drv.o(.bss) for disk
    sd_diskio.o(i.SD_initialize) refers to bsp_driver_sd.o(i.BSP_SD_Init) for BSP_SD_Init
    sd_diskio.o(i.SD_initialize) refers to sd_diskio.o(.data) for Stat
    sd_diskio.o(i.SD_ioctl) refers to bsp_driver_sd.o(i.BSP_SD_GetCardInfo) for BSP_SD_GetCardInfo
    sd_diskio.o(i.SD_ioctl) refers to sd_diskio.o(.data) for Stat
    sd_diskio.o(i.SD_read) refers to bsp_driver_sd.o(i.BSP_SD_ReadBlocks) for BSP_SD_ReadBlocks
    sd_diskio.o(i.SD_read) refers to bsp_driver_sd.o(i.BSP_SD_GetCardState) for BSP_SD_GetCardState
    sd_diskio.o(i.SD_status) refers to bsp_driver_sd.o(i.BSP_SD_GetCardState) for BSP_SD_GetCardState
    sd_diskio.o(i.SD_status) refers to sd_diskio.o(.data) for Stat
    sd_diskio.o(i.SD_write) refers to bsp_driver_sd.o(i.BSP_SD_WriteBlocks) for BSP_SD_WriteBlocks
    sd_diskio.o(i.SD_write) refers to bsp_driver_sd.o(i.BSP_SD_GetCardState) for BSP_SD_GetCardState
    sd_diskio.o(.constdata) refers to sd_diskio.o(i.SD_initialize) for SD_initialize
    sd_diskio.o(.constdata) refers to sd_diskio.o(i.SD_status) for SD_status
    sd_diskio.o(.constdata) refers to sd_diskio.o(i.SD_read) for SD_read
    sd_diskio.o(.constdata) refers to sd_diskio.o(i.SD_write) for SD_write
    sd_diskio.o(.constdata) refers to sd_diskio.o(i.SD_ioctl) for SD_ioctl
    syscall.o(i.ff_cre_syncobj) refers to cmsis_os.o(i.osSemaphoreCreate) for osSemaphoreCreate
    syscall.o(i.ff_del_syncobj) refers to cmsis_os.o(i.osSemaphoreDelete) for osSemaphoreDelete
    syscall.o(i.ff_rel_grant) refers to cmsis_os.o(i.osSemaphoreRelease) for osSemaphoreRelease
    syscall.o(i.ff_req_grant) refers to cmsis_os.o(i.osSemaphoreWait) for osSemaphoreWait
    ff.o(i.check_fs) refers to ff.o(i.move_window) for move_window
    ff.o(i.chk_lock) refers to ff.o(.bss) for Files
    ff.o(i.clear_lock) refers to ff.o(.bss) for Files
    ff.o(i.cmp_lfn) refers to cc936.o(i.ff_wtoupper) for ff_wtoupper
    ff.o(i.cmp_lfn) refers to ff.o(.constdata) for LfnOfs
    ff.o(i.create_chain) refers to ff.o(i.get_fat) for get_fat
    ff.o(i.create_chain) refers to ff.o(i.put_fat) for put_fat
    ff.o(i.create_name) refers to cc936.o(i.ff_convert) for ff_convert
    ff.o(i.create_name) refers to ff.o(i.chk_chr) for chk_chr
    ff.o(i.create_name) refers to ff.o(i.mem_set) for mem_set
    ff.o(i.create_name) refers to cc936.o(i.ff_wtoupper) for ff_wtoupper
    ff.o(i.dec_lock) refers to ff.o(.bss) for Files
    ff.o(i.dir_alloc) refers to ff.o(i.dir_sdi) for dir_sdi
    ff.o(i.dir_alloc) refers to ff.o(i.move_window) for move_window
    ff.o(i.dir_alloc) refers to ff.o(i.dir_next) for dir_next
    ff.o(i.dir_find) refers to ff.o(i.dir_sdi) for dir_sdi
    ff.o(i.dir_find) refers to ff.o(i.move_window) for move_window
    ff.o(i.dir_find) refers to ff.o(i.cmp_lfn) for cmp_lfn
    ff.o(i.dir_find) refers to ff.o(i.sum_sfn) for sum_sfn
    ff.o(i.dir_find) refers to ff.o(i.mem_cmp) for mem_cmp
    ff.o(i.dir_find) refers to ff.o(i.dir_next) for dir_next
    ff.o(i.dir_next) refers to ff.o(i.get_fat) for get_fat
    ff.o(i.dir_next) refers to ff.o(i.create_chain) for create_chain
    ff.o(i.dir_next) refers to ff.o(i.sync_window) for sync_window
    ff.o(i.dir_next) refers to ff.o(i.mem_set) for mem_set
    ff.o(i.dir_next) refers to ff.o(i.clust2sect) for clust2sect
    ff.o(i.dir_read) refers to ff.o(i.move_window) for move_window
    ff.o(i.dir_read) refers to ff.o(i.pick_lfn) for pick_lfn
    ff.o(i.dir_read) refers to ff.o(i.sum_sfn) for sum_sfn
    ff.o(i.dir_read) refers to ff.o(i.dir_next) for dir_next
    ff.o(i.dir_register) refers to ff.o(i.mem_cpy) for mem_cpy
    ff.o(i.dir_register) refers to ff.o(i.gen_numname) for gen_numname
    ff.o(i.dir_register) refers to ff.o(i.dir_find) for dir_find
    ff.o(i.dir_register) refers to ff.o(i.dir_alloc) for dir_alloc
    ff.o(i.dir_register) refers to ff.o(i.dir_sdi) for dir_sdi
    ff.o(i.dir_register) refers to ff.o(i.sum_sfn) for sum_sfn
    ff.o(i.dir_register) refers to ff.o(i.move_window) for move_window
    ff.o(i.dir_register) refers to ff.o(i.fit_lfn) for fit_lfn
    ff.o(i.dir_register) refers to ff.o(i.dir_next) for dir_next
    ff.o(i.dir_register) refers to ff.o(i.mem_set) for mem_set
    ff.o(i.dir_remove) refers to ff.o(i.dir_sdi) for dir_sdi
    ff.o(i.dir_remove) refers to ff.o(i.move_window) for move_window
    ff.o(i.dir_remove) refers to ff.o(i.mem_set) for mem_set
    ff.o(i.dir_remove) refers to ff.o(i.dir_next) for dir_next
    ff.o(i.dir_sdi) refers to ff.o(i.get_fat) for get_fat
[...]
    hdma_usart3_tx                           0x20004788   Data          96  usart.o(.bss)
    hdma_usart6_rx                           0x200047e8   Data          96  usart.o(.bss)
    hdma_usart6_tx                           0x20004848   Data          96  usart.o(.bss)
    hsd                                      0x200048a8   Data         132  sdio.o(.bss)
    hdma_sdio_rx                             0x2000492c   Data          96  sdio.o(.bss)
    hdma_sdio_tx                             0x2000498c   Data          96  sdio.o(.bss)
    hcan1                                    0x200049ec   Data          68  can.o(.bss)
    hcan2                                    0x20004a30   Data          68  can.o(.bss)
    htim6                                    0x20004a74   Data          60  stm32f4xx_hal_timebase_tim.o(.bss)
    hrtc                                     0x20004ab0   Data          32  rtc.o(.bss)
    hspi5                                    0x20004ad0   Data          88  spi.o(.bss)
    moto_pit                                 0x20004b28   Data          60  bsp_can.o(.bss)
    moto_yaw                                 0x20004b64   Data          60  bsp_can.o(.bss)
    moto_trigger                             0x20004ba0   Data          60  bsp_can.o(.bss)
    moto_chassis                             0x20004bdc   Data         240  bsp_can.o(.bss)
    judge_dma_rxbuff                         0x20004d4c   Data        2048  bsp_uart.o(.bss)
    pc_dma_rxbuff                            0x2000554c   Data        2048  bsp_uart.o(.bss)
    gim                                      0x20005d68   Data          92  gimbal_task.o(.bss)
    yaw_kalman_filter                        0x20005dc4   Data         108  gimbal_task.o(.bss)
    pitch_kalman_filter                      0x20005e30   Data         108  gimbal_task.o(.bss)
    dist_kalman_filter                       0x20005e9c   Data         108  gimbal_task.o(.bss)
    yaw_speed_struct                         0x20005f08   Data          28  gimbal_task.o(.bss)
    pitch_speed_struct                       0x20005f24   Data          28  gimbal_task.o(.bss)
    dist_speed_struct                        0x20005f40   Data          28  gimbal_task.o(.bss)
    gimbal_attitude_archive                  0x20005f5c   Data        1920  gimbal_task.o(.bss)
    chassis                                  0x200066dc   Data          56  chassis_task.o(.bss)
    shoot                                    0x20006714   Data          14  shoot_task.o(.bss)
    trig                                     0x20006722   Data          24  shoot_task.o(.bss)
    glb_struct                               0x2000673a   Data          12  info_get_task.o(.bss)
    mpu_data                                 0x20006748   Data          32  imu_task.o(.bss)
    imu                                      0x20006768   Data          56  imu_task.o(.bss)
    atti                                     0x200067a0   Data          36  imu_task.o(.bss)
    g_err                                    0x200067c4   Data         144  detect_task.o(.bss)
    glb_cur                                  0x200068f0   Data          14  comm_task.o(.bss)
    pc_rxdata_fifo                           0x20006d38   Data          28  comm_task.o(.bss)
    pc_rxdata_buf                            0x20006d54   Data         500  comm_task.o(.bss)
    pc_send_mesg                             0x20007320   Data         110  infantry_info.o(.bss)
    pc_recv_mesg                             0x2000738e   Data         140  infantry_info.o(.bss)
    judge_recv_mesg                          0x2000741a   Data          88  judgement_info.o(.bss)
    pid_yaw                                  0x20007474   Data          76  pid.o(.bss)
    pid_pit                                  0x200074c0   Data          76  pid.o(.bss)
    pid_yaw_spd                              0x2000750c   Data          76  pid.o(.bss)
    pid_pit_spd                              0x20007558   Data          76  pid.o(.bss)
    pid_spd                                  0x200075a4   Data         304  pid.o(.bss)
    pid_chassis_angle                        0x200076d4   Data          76  pid.o(.bss)
    pid_trigger                              0x20007720   Data          76  pid.o(.bss)
    pid_trigger_spd                          0x2000776c   Data          76  pid.o(.bss)
    pid_imu_tmp                              0x200077b8   Data          76  pid.o(.bss)
    cali_param                               0x20007804   Data          60  calibrate.o(.bss)
    km                                       0x2000784c   Data          36  keyboard.o(.bss)
    glb_sw                                   0x20007870   Data          12  remote_ctrl.o(.bss)
    rc                                       0x2000787c   Data          20  remote_ctrl.o(.bss)
    rm                                       0x20007890   Data          20  remote_ctrl.o(.bss)
    dbus_buf                                 0x200078a4   Data          18  remote_ctrl.o(.bss)
    __libspace_start                         0x200078b8   Data          96  libspace.o(.bss)
    __temporary_stack_top$libspace           0x20007918   Data           0  libspace.o(.bss)



==============================================================================

Memory Map of the image

  Image Entry point : 0x080001ad

  Load Region LR_IROM1 (Base: 0x08000000, Size: 0x00014350, Max: 0x00200000, ABSOLUTE, COMPRESSED[0x00013e04])

    Execution Region ER_IROM1 (Exec base: 0x08000000, Load base: 0x08000000, Size: 0x00013d70, Max: 0x00200000, ABSOLUTE)

    Exec Addr    Load Addr    Size         Type   Attr      Idx    E Section Name        Object

    0x08000000   0x08000000   0x000001ac   Data   RO         1066    RESET               startup_stm32f427xx.o
    0x080001ac   0x080001ac   0x00000008   Code   RO         9215  * !!!main             c_w.l(__main.o)
    0x080001b4   0x080001b4   0x00000034   Code   RO         9605    !!!scatter          c_w.l(__scatter.o)
    0x080001e8   0x080001e8   0x0000005a   Code   RO         9603    !!dczerorl2         c_w.l(__dczerorl2.o)
    0x08000242   0x08000242   0x00000002   PAD
    0x08000244   0x08000244   0x0000001c   Code   RO         9607    !!handler_zi        c_w.l(__scatter_zi.o)
    0x08000260   0x08000260   0x00000002   Code   RO         9542    .ARM.Collect$$libinit$$00000000  c_w.l(libinit.o)
    0x08000262   0x08000262   0x00000004   Code   RO         9367    .ARM.Collect$$libinit$$00000001  c_w.l(libinit2.o)
    0x08000266   0x08000266   0x00000000   Code   RO         9370    .ARM.Collect$$libinit$$00000004  c_w.l(libinit2.o)
    0x08000266   0x08000266   0x00000000   Code   RO         9373    .ARM.Collect$$libinit$$0000000A  c_w.l(libinit2.o)
    0x08000266   0x08000266   0x00000000   Code   RO         9375    .ARM.Collect$$libinit$$0000000C  c_w.l(libinit2.o)
    0x08000266   0x08000266   0x00000000   Code   RO         9377    .ARM.Collect$$libinit$$0000000E  c_w.l(libinit2.o)
    0x08000266   0x08000266   0x00000000   Code   RO         9380    .ARM.Collect$$libinit$$00000011  c_w.l(libinit2.o)
    0x08000266   0x08000266   0x00000000   Code   RO         9382    .ARM.Collect$$libinit$$00000013  c_w.l(libinit2.o)
    0x08000266   0x08000266   0x00000000   Code   RO         9384    .ARM.Collect$$libinit$$00000015  c_w.l(libinit2.o)
    0x08000266   0x08000266   0x00000000   Code   RO         9386    .ARM.Collect$$libinit$$00000017  c_w.l(libinit2.o)
    0x08000266   0x08000266   0x00000000   Code   RO         9388    .ARM.Collect$$libinit$$00000019  c_w.l(libinit2.o)
    0x08000266   0x08000266   0x00000000   Code   RO         9390    .ARM.Collect$$libinit$$0000001B  c_w.l(libinit2.o)
    0x08000266   0x08000266   0x00000000   Code   RO         9392    .ARM.Collect$$libinit$$0000001D  c_w.l(libinit2.o)
    0x08000266   0x08000266   0x00000000   Code   RO         9394    .ARM.Collect$$libinit$$0000001F  c_w.l(libinit2.o)
    0x08000266   0x08000266   0x00000000   Code   RO         9396    .ARM.Collect$$libinit$$00000021  c_w.l(libinit2.o)
    0x08000266   0x08000266   0x00000000   Code   RO         9398    .ARM.Collect$$libinit$$00000023  c_w.l(libinit2.o)
    0x08000266   0x08000266   0x00000000   Code   RO         9400    .ARM.Collect$$libinit$$00000025  c_w.l(libinit2.o)
    0x08000266   0x08000266   0x00000000   Code   RO         9404    .ARM.Collect$$libinit$$0000002C  c_w.l(libinit2.o)
    0x08000266   0x08000266   0x00000000   Code   RO         9406    .ARM.Collect$$libinit$$0000002E  c_w.l(libinit2.o)
    0x08000266   0x08000266   0x00000000   Code   RO         9408    .ARM.Collect$$libinit$$00000030  c_w.l(libinit2.o)
    0x08000266   0x08000266   0x00000000   Code   RO         9410    .ARM.Collect$$libinit$$00000032  c_w.l(libinit2.o)
    0x08000266   0x08000266   0x00000002   Code   RO         9411    .ARM.Collect$$libinit$$00000033  c_w.l(libinit2.o)
    0x08000268   0x08000268   0x00000002   Code   RO         9600    .ARM.Collect$$libshutdown$$00000000  c_w.l(libshutdown.o)
    0x0800026a   0x0800026a   0x00000000   Code   RO         9556    .ARM.Collect$$libshutdown$$00000002  c_w.l(libshutdown2.o)
    0x0800026a   0x0800026a   0x00000000   Code   RO         9558    .ARM.Collect$$libshutdown$$00000004  c_w.l(libshutdown2.o)
    0x0800026a   0x0800026a   0x00000000   Code   RO         9561    .ARM.Collect$$libshutdown$$00000007  c_w.l(libshutdown2.o)
    0x0800026a   0x0800026a   0x00000000   Code   RO         9564    .ARM.Collect$$libshutdown$$0000000A  c_w.l(libshutdown2.o)
    0x0800026a   0x0800026a   0x00000000   Code   RO         9566    .ARM.Collect$$libshutdown$$0000000C  c_w.l(libshutdown2.o)
    0x0800026a   0x0800026a   0x00000000   Code   RO         9569    .ARM.Collect$$libshutdown$$0000000F  c_w.l(libshutdown2.o)
    0x0800026a   0x0800026a   0x00000002   Code   RO         9570    .ARM.Collect$$libshutdown$$00000010  c_w.l(libshutdown2.o)
    0x0800026c   0x0800026c   0x00000000   Code   RO         9337    .ARM.Collect$$rtentry$$00000000  c_w.l(__rtentry.o)
    0x0800026c   0x0800026c   0x00000000   Code   RO         9480    .ARM.Collect$$rtentry$$00000002  c_w.l(__rtentry2.o)
    0x0800026c   0x0800026c   0x00000006   Code   RO         9492    .ARM.Collect$$rtentry$$00000004  c_w.l(__rtentry4.o)
    0x08000272   0x08000272   0x00000000   Code   RO         9482    .ARM.Collect$$rtentry$$00000009  c_w.l(__rtentry2.o)
    0x08000272   0x08000272   0x00000004   Code   RO         9483    .ARM.Collect$$rtentry$$0000000A  c_w.l(__rtentry2.o)
    0x08000276   0x08000276   0x00000000   Code   RO         9485    .ARM.Collect$$rtentry$$0000000C  c_w.l(__rtentry2.o)
    0x08000276   0x08000276   0x00000008   Code   RO         9486    .ARM.Collect$$rtentry$$0000000D  c_w.l(__rtentry2.o)
    0x0800027e   0x0800027e   0x00000002   Code   RO         9545    .ARM.Collect$$rtexit$$00000000  c_w.l(rtexit.o)
    0x08000280   0x08000280   0x00000000   Code   RO         9574    .ARM.Collect$$rtexit$$00000002  c_w.l(rtexit2.o)
    0x08000280   0x08000280   0x00000004   Code   RO         9575    .ARM.Collect$$rtexit$$00000003  c_w.l(rtexit2.o)
    0x08000284   0x08000284   0x00000006   Code   RO         9576    .ARM.Collect$$rtexit$$00000004  c_w.l(rtexit2.o)
    0x0800028a   0x0800028a   0x00000002   PAD
    0x0800028c   0x0800028c   0x000000ba   Code   RO         5978    .emb_text           port.o
    0x08000346   0x08000346   0x00000002   PAD
    0x08000348   0x08000348   0x00000040   Code   RO         1067    .text               startup_stm32f427xx.o
    0x08000388   0x08000388   0x0000008a   Code   RO         9203    .text               c_w.l(rt_memcpy_v6.o)
    0x08000412   0x08000412   0x00000064   Code   RO         9205    .text               c_w.l(rt_memcpy_w.o)
    0x08000476   0x08000476   0x00000010   Code   RO         9207    .text               c_w.l(aeabi_memset.o)
    0x08000486   0x08000486   0x00000044   Code   RO         9209    .text               c_w.l(rt_memclr.o)
    0x080004ca   0x080004ca   0x0000004e   Code   RO         9211    .text               c_w.l(rt_memclr_w.o)
    0x08000518   0x08000518   0x00000006   Code   RO         9213    .text               c_w.l(heapauxi.o)
    0x0800051e   0x0800051e   0x00000016   Code   RO         9363    .text               c_w.l(_rserrno.o)
    0x08000534   0x08000534   0x00000008   Code   RO         9476    .text               c_w.l(libspace.o)
    0x0800053c   0x0800053c   0x00000008   Code   RO         9497    .text               c_w.l(rt_errno_addr_intlibspace.o)
    0x08000544   0x08000544   0x00000002   Code   RO         9518    .text               c_w.l(use_no_semi.o)
    0x08000546   0x08000546   0x00000000   Code   RO         9520    .text               c_w.l(indicate_semi.o)
    0x08000546   0x08000546   0x0000004a   Code   RO         9521    .text               c_w.l(sys_stackheap_outer.o)
    0x08000590   0x08000590   0x00000012   Code   RO         9527    .text               c_w.l(exit.o)
    0x080005a2   0x080005a2   0x00000002   PAD
    0x080005a4   0x080005a4   0x0000000c   Code   RO         9543    .text               c_w.l(sys_exit.o)
    0x080005b0   0x080005b0   0x00000068   Code   RO         7505    i.BSP_FLASH_Write   bsp_flash.o
    0x08000618   0x08000618   0x00000014   Code   RO         6090    i.BSP_SD_GetCardInfo  bsp_driver_sd.o
    0x0800062c   0x0800062c   0x00000018   Code   RO         6091    i.BSP_SD_GetCardState  bsp_driver_sd.o
    0x08000644   0x08000644   0x00000030   Code   RO         6094    i.BSP_SD_Init       bsp_driver_sd.o
    0x08000674   0x08000674   0x0000000c   Code   RO         6095    i.BSP_SD_IsDetected  bsp_driver_sd.o
    0x08000680   0x08000680   0x00000030   Code   RO         6096    i.BSP_SD_ReadBlocks  bsp_driver_sd.o
    0x080006b0   0x080006b0   0x00000030   Code   RO         6098    i.BSP_SD_WriteBlocks  bsp_driver_sd.o
    0x080006e0   0x080006e0   0x00000004   Code   RO         6389    i.BusFault_Handler  stm32f4xx_it.o
    0x080006e4   0x080006e4   0x00000010   Code   RO         6390    i.CAN1_RX0_IRQHandler  stm32f4xx_it.o
    0x080006f4   0x080006f4   0x00000010   Code   RO         6391    i.CAN1_TX_IRQHandler  stm32f4xx_it.o
    0x08000704   0x08000704   0x00000010   Code   RO         6392    i.CAN2_RX0_IRQHandler  stm32f4xx_it.o
    0x08000714   0x08000714   0x00000010   Code   RO         6393    i.CAN2_TX_IRQHandler  stm32f4xx_it.o
    0x08000724   0x08000724   0x000001c2   Code   RO         2379    i.CAN_Receive_IT    stm32f4xx_hal_can.o
    0x080008e6   0x080008e6   0x00000062   Code   RO         2380    i.CAN_Transmit_IT   stm32f4xx_hal_can.o
    0x08000948   0x08000948   0x00000010   Code   RO         6394    i.DMA1_Stream1_IRQHandler  stm32f4xx_it.o
    0x08000958   0x08000958   0x00000010   Code   RO         6395    i.DMA1_Stream3_IRQHandler  stm32f4xx_it.o
    0x08000968   0x08000968   0x00000010   Code   RO         6396    i.DMA1_Stream5_IRQHandler  stm32f4xx_it.o
    0x08000978   0x08000978   0x00000010   Code   RO         6397    i.DMA1_Stream6_IRQHandler  stm32f4xx_it.o
    0x08000988   0x08000988   0x00000010   Code   RO         6398    i.DMA2_Stream1_IRQHandler  stm32f4xx_it.o
    0x08000998   0x08000998   0x00000010   Code   RO         6399    i.DMA2_Stream2_IRQHandler  stm32f4xx_it.o
    0x080009a8   0x080009a8   0x00000010   Code   RO         6400    i.DMA2_Stream3_IRQHandler  stm32f4xx_it.o
    0x080009b8   0x080009b8   0x00000010   Code   RO         6401    i.DMA2_Stream6_IRQHandler  stm32f4xx_it.o
    0x080009c8   0x080009c8   0x00000010   Code   RO         6402    i.DMA2_Stream7_IRQHandler  stm32f4xx_it.o
    0x080009d8   0x080009d8   0x000003c8   Code   RO         7289    i.DMAEx_MultiBufferStart_IT  bsp_uart.o
    0x08000da0   0x08000da0   0x00000034   Code   RO         1880    i.DMA_CalcBaseAndBitshift  stm32f4xx_hal_dma.o
    0x08000dd4   0x08000dd4   0x000000aa   Code   RO         1881    i.DMA_CheckFifoParam  stm32f4xx_hal_dma.o
    0x08000e7e   0x08000e7e   0x0000002c   Code   RO         1882    i.DMA_SetConfig     stm32f4xx_hal_dma.o
    0x08000eaa   0x08000eaa   0x00000002   Code   RO         6403    i.DebugMon_Handler  stm32f4xx_it.o
    0x08000eac   0x08000eac   0x0000003c   Code   RO         7625    i.EndIdleMonitor    cpu_utils.o
    0x08000ee8   0x08000ee8   0x00000012   Code   RO          778    i.FATFS_LinkDriver  ff_gen_drv.o
    0x08000efa   0x08000efa   0x00000002   PAD
    0x08000efc   0x08000efc   0x00000054   Code   RO          779    i.FATFS_LinkDriverEx  ff_gen_drv.o
    0x08000f50   0x08000f50   0x0000006c   Code   RO         2840    i.FLASH_Erase_Sector  stm32f4xx_hal_flash_ex.o
    0x08000fbc   0x08000fbc   0x00000078   Code   RO         2841    i.FLASH_FlushCaches  stm32f4xx_hal_flash_ex.o
    0x08001034   0x08001034   0x00000054   Code   RO         2842    i.FLASH_MassErase   stm32f4xx_hal_flash_ex.o
    0x08001088   0x08001088   0x00000024   Code   RO         4511    i.FLASH_Program_Byte  stm32f4xx_hal_flash.o
    0x080010ac   0x080010ac   0x0000002c   Code   RO         4512    i.FLASH_Program_DoubleWord  stm32f4xx_hal_flash.o
    0x080010d8   0x080010d8   0x00000028   Code   RO         4513    i.FLASH_Program_HalfWord  stm32f4xx_hal_flash.o
    0x08001100   0x08001100   0x00000028   Code   RO         4514    i.FLASH_Program_Word  stm32f4xx_hal_flash.o
    0x08001128   0x08001128   0x000000b4   Code   RO         4515    i.FLASH_SetErrorCode  stm32f4xx_hal_flash.o
    0x080011dc   0x080011dc   0x00000064   Code   RO         4516    i.FLASH_WaitForLastOperation  stm32f4xx_hal_flash.o
    0x08001240   0x08001240   0x000001d0   Code   RO         7506    i.GetSector         bsp_flash.o
    0x08001410   0x08001410   0x00000108   Code   RO         2381    i.HAL_CAN_ConfigFilter  stm32f4xx_hal_can.o
    0x08001518   0x08001518   0x0000000e   Code   RO         7203    i.HAL_CAN_ErrorCallback  bsp_can.o
    0x08001526   0x08001526   0x00000002   PAD
    0x08001528   0x08001528   0x00000254   Code   RO         2386    i.HAL_CAN_IRQHandler  stm32f4xx_hal_can.o
    0x0800177c   0x0800177c   0x000001bc   Code   RO         2387    i.HAL_CAN_Init      stm32f4xx_hal_can.o
    0x08001938   0x08001938   0x00000134   Code   RO         6869    i.HAL_CAN_MspInit   can.o
    0x08001a6c   0x08001a6c   0x0000010c   Code   RO         2391    i.HAL_CAN_Receive_IT  stm32f4xx_hal_can.o
    0x08001b78   0x08001b78   0x000001cc   Code   RO         7204    i.HAL_CAN_RxCpltCallback  bsp_can.o
    0x08001d44   0x08001d44   0x000002b8   Code   RO         2394    i.HAL_CAN_Transmit  stm32f4xx_hal_can.o
    0x08001ffc   0x08001ffc   0x00000002   Code   RO         2396    i.HAL_CAN_TxCpltCallback  stm32f4xx_hal_can.o
    0x08001ffe   0x08001ffe   0x00000028   Code   RO         1884    i.HAL_DMA_Abort_IT  stm32f4xx_hal_dma.o
    0x08002026   0x08002026   0x00000002   PAD
    0x08002028   0x08002028   0x00000248   Code   RO         1888    i.HAL_DMA_IRQHandler  stm32f4xx_hal_dma.o
    0x08002270   0x08002270   0x000000ec   Code   RO         1889    i.HAL_DMA_Init      stm32f4xx_hal_dma.o
    0x0800235c   0x0800235c   0x00000066   Code   RO         1892    i.HAL_DMA_Start     stm32f4xx_hal_dma.o
    0x080023c2   0x080023c2   0x0000001e   Code   RO         1993    i.HAL_Delay         stm32f4xx_hal.o
    0x080023e0   0x080023e0   0x000000b0   Code   RO         2857    i.HAL_FLASHEx_Erase  stm32f4xx_hal_flash_ex.o
    0x08002490   0x08002490   0x00000014   Code   RO         4520    i.HAL_FLASH_Lock    stm32f4xx_hal_flash.o
    0x080024a4   0x080024a4   0x00000098   Code   RO         4525    i.HAL_FLASH_Program  stm32f4xx_hal_flash.o
    0x0800253c   0x0800253c   0x0000002c   Code   RO         4527    i.HAL_FLASH_Unlock  stm32f4xx_hal_flash.o
    0x08002568   0x08002568   0x0000021c   Code   RO         3011    i.HAL_GPIO_Init     stm32f4xx_hal_gpio.o
    0x08002784   0x08002784   0x00000010   Code   RO         3013    i.HAL_GPIO_ReadPin  stm32f4xx_hal_gpio.o
    0x08002794   0x08002794   0x0000000c   Code   RO         3015    i.HAL_GPIO_WritePin  stm32f4xx_hal_gpio.o
    0x080027a0   0x080027a0   0x0000000c   Code   RO         2001    i.HAL_GetTick       stm32f4xx_hal.o
    0x080027ac   0x080027ac   0x00000010   Code   RO         2003    i.HAL_IncTick       stm32f4xx_hal.o
    0x080027bc   0x080027bc   0x0000003c   Code   RO         2004    i.HAL_Init          stm32f4xx_hal.o
    0x080027f8   0x080027f8   0x0000008c   Code   RO         7038    i.HAL_InitTick      stm32f4xx_hal_timebase_tim.o
    0x08002884   0x08002884   0x00000056   Code   RO         6365    i.HAL_MspInit       stm32f4xx_hal_msp.o
    0x080028da   0x080028da   0x0000001a   Code   RO         4634    i.HAL_NVIC_EnableIRQ  stm32f4xx_hal_cortex.o
    0x080028f4   0x080028f4   0x0000007c   Code   RO         4640    i.HAL_NVIC_SetPriority  stm32f4xx_hal_cortex.o
    0x08002970   0x08002970   0x00000028   Code   RO         4641    i.HAL_NVIC_SetPriorityGrouping  stm32f4xx_hal_cortex.o
    0x08002998   0x08002998   0x000000a4   Code   RO         1772    i.HAL_PWREx_EnableOverDrive  stm32f4xx_hal_pwr_ex.o
    0x08002a3c   0x08002a3c   0x00000370   Code   RO         1840    i.HAL_RCCEx_PeriphCLKConfig  stm32f4xx_hal_rcc_ex.o
    0x08002dac   0x08002dac   0x000001d0   Code   RO         3075    i.HAL_RCC_ClockConfig  stm32f4xx_hal_rcc.o
    0x08002f7c   0x08002f7c   0x00000044   Code   RO         3079    i.HAL_RCC_GetClockConfig  stm32f4xx_hal_rcc.o
    0x08002fc0   0x08002fc0   0x0000000c   Code   RO         3080    i.HAL_RCC_GetHCLKFreq  stm32f4xx_hal_rcc.o
    0x08002fcc   0x08002fcc   0x0000002c   Code   RO         3082    i.HAL_RCC_GetPCLK1Freq  stm32f4xx_hal_rcc.o
    0x08002ff8   0x08002ff8   0x0000002c   Code   RO         3083    i.HAL_RCC_GetPCLK2Freq  stm32f4xx_hal_rcc.o
    0x08003024   0x08003024   0x000000b4   Code   RO         3084    i.HAL_RCC_GetSysClockFreq  stm32f4xx_hal_rcc.o
    0x080030d8   0x080030d8   0x0000044c   Code   RO         3087    i.HAL_RCC_OscConfig  stm32f4xx_hal_rcc.o
    0x08003524   0x08003524   0x00000012   Code   RO         2152    i.HAL_RTCEx_BKUPRead  stm32f4xx_hal_rtc_ex.o
    0x08003536   0x08003536   0x00000012   Code   RO         2153    i.HAL_RTCEx_BKUPWrite  stm32f4xx_hal_rtc_ex.o
    0x08003548   0x08003548   0x000000fe   Code   RO         2178    i.HAL_RTCEx_SetWakeUpTimer  stm32f4xx_hal_rtc_ex.o
    0x08003646   0x08003646   0x00000002   PAD
    0x08003648   0x08003648   0x000000b4   Code   RO         3184    i.HAL_RTC_Init      stm32f4xx_hal_rtc.o
    0x080036fc   0x080036fc   0x00000018   Code   RO         7079    i.HAL_RTC_MspInit   rtc.o
    0x08003714   0x08003714   0x00000114   Code   RO         3190    i.HAL_RTC_SetDate   stm32f4xx_hal_rtc.o
    0x08003828   0x08003828   0x00000134   Code   RO         3191    i.HAL_RTC_SetTime   stm32f4xx_hal_rtc.o
    0x0800395c   0x0800395c   0x0000003a   Code   RO         3192    i.HAL_RTC_WaitForSynchro  stm32f4xx_hal_rtc.o
    0x08003996   0x08003996   0x00000002   Code   RO         1512    i.HAL_SD_AbortCallback  stm32f4xx_hal_sd.o
    0x08003998   0x08003998   0x000000a8   Code   RO         1514    i.HAL_SD_ConfigWideBusOperation  stm32f4xx_hal_sd.o
    0x08003a40   0x08003a40   0x00000002   Code   RO         1517    i.HAL_SD_ErrorCallback  stm32f4xx_hal_sd.o
    0x08003a42   0x08003a42   0x000001f0   Code   RO         1519    i.HAL_SD_GetCardCSD  stm32f4xx_hal_sd.o
    0x08003c32   0x08003c32   0x00000026   Code   RO         1520    i.HAL_SD_GetCardInfo  stm32f4xx_hal_sd.o
    0x08003c58   0x08003c58   0x00000028   Code   RO         1521    i.HAL_SD_GetCardState  stm32f4xx_hal_sd.o
    0x08003c80   0x08003c80   0x00000200   Code   RO         1525    i.HAL_SD_IRQHandler  stm32f4xx_hal_sd.o
    0x08003e80   0x08003e80   0x00000036   Code   RO         1526    i.HAL_SD_Init       stm32f4xx_hal_sd.o
    0x08003eb6   0x08003eb6   0x00000002   PAD
    0x08003eb8   0x08003eb8   0x00000084   Code   RO         1527    i.HAL_SD_InitCard   stm32f4xx_hal_sd.o
    0x08003f3c   0x08003f3c   0x00000158   Code   RO         6576    i.HAL_SD_MspInit    sdio.o
    0x08004094   0x08004094   0x0000024c   Code   RO         1530    i.HAL_SD_ReadBlocks  stm32f4xx_hal_sd.o
    0x080042e0   0x080042e0   0x00000002   Code   RO         1533    i.HAL_SD_RxCpltCallback  stm32f4xx_hal_sd.o
    0x080042e2   0x080042e2   0x00000002   Code   RO         1534    i.HAL_SD_TxCpltCallback  stm32f4xx_hal_sd.o
    0x080042e4   0x080042e4   0x00000204   Code   RO         1535    i.HAL_SD_WriteBlocks  stm32f4xx_hal_sd.o
    0x080044e8   0x080044e8   0x0000008c   Code   RO         4205    i.HAL_SPI_Init      stm32f4xx_hal_spi.o
    0x08004574   0x08004574   0x0000005c   Code   RO         7121    i.HAL_SPI_MspInit   spi.o
    0x080045d0   0x080045d0   0x0000021e   Code   RO         4214    i.HAL_SPI_TransmitReceive  stm32f4xx_hal_spi.o
    0x080047ee   0x080047ee   0x00000028   Code   RO         4643    i.HAL_SYSTICK_CLKSourceConfig  stm32f4xx_hal_cortex.o
    0x08004816   0x08004816   0x00000034   Code   RO         4645    i.HAL_SYSTICK_Config  stm32f4xx_hal_cortex.o
    0x0800484a   0x0800484a   0x00000002   Code   RO         3955    i.HAL_TIMEx_BreakCallback  stm32f4xx_hal_tim_ex.o
    0x0800484c   0x0800484c   0x00000002   Code   RO         3956    i.HAL_TIMEx_CommutationCallback  stm32f4xx_hal_tim_ex.o
    0x0800484e   0x0800484e   0x0000007e   Code   RO         3957    i.HAL_TIMEx_ConfigBreakDeadTime  stm32f4xx_hal_tim_ex.o
    0x080048cc   0x080048cc   0x00000062   Code   RO         3972    i.HAL_TIMEx_MasterConfigSynchronization  stm32f4xx_hal_tim_ex.o
    0x0800492e   0x0800492e   0x00000034   Code   RO         3316    i.HAL_TIM_Base_Init  stm32f4xx_hal_tim.o
    0x08004962   0x08004962   0x00000002   Code   RO         3318    i.HAL_TIM_Base_MspInit  stm32f4xx_hal_tim.o
    0x08004964   0x08004964   0x0000001e   Code   RO         3321    i.HAL_TIM_Base_Start_IT  stm32f4xx_hal_tim.o
    0x08004982   0x08004982   0x00000002   Code   RO         3345    i.HAL_TIM_IC_CaptureCallback  stm32f4xx_hal_tim.o
    0x08004984   0x08004984   0x00000196   Code   RO         3358    i.HAL_TIM_IRQHandler  stm32f4xx_hal_tim.o
    0x08004b1a   0x08004b1a   0x00000002   PAD
    0x08004b1c   0x08004b1c   0x00000174   Code   RO         6221    i.HAL_TIM_MspPostInit  tim.o
    0x08004c90   0x08004c90   0x00000002   Code   RO         3361    i.HAL_TIM_OC_DelayElapsedCallback  stm32f4xx_hal_tim.o
    0x08004c92   0x08004c92   0x00000108   Code   RO         3382    i.HAL_TIM_PWM_ConfigChannel  stm32f4xx_hal_tim.o
    0x08004d9a   0x08004d9a   0x00000034   Code   RO         3385    i.HAL_TIM_PWM_Init  stm32f4xx_hal_tim.o
    0x08004dce   0x08004dce   0x00000002   PAD
    0x08004dd0   0x08004dd0   0x0000014c   Code   RO         6223    i.HAL_TIM_PWM_MspInit  tim.o
    0x08004f1c   0x08004f1c   0x00000002   Code   RO         3388    i.HAL_TIM_PWM_PulseFinishedCallback  stm32f4xx_hal_tim.o
    0x08004f1e   0x08004f1e   0x00000002   PAD
    0x08004f20   0x08004f20   0x0000004c   Code   RO         3389    i.HAL_TIM_PWM_Start  stm32f4xx_hal_tim.o
    0x08004f6c   0x08004f6c   0x00000018   Code   RO         6917    i.HAL_TIM_PeriodElapsedCallback  main.o
    0x08004f84   0x08004f84   0x00000002   Code   RO         3399    i.HAL_TIM_TriggerCallback  stm32f4xx_hal_tim.o
    0x08004f86   0x08004f86   0x00000002   Code   RO         2530    i.HAL_UART_ErrorCallback  stm32f4xx_hal_uart.o
    0x08004f88   0x08004f88   0x0000014c   Code   RO         2533    i.HAL_UART_IRQHandler  stm32f4xx_hal_uart.o
    0x080050d4   0x080050d4   0x00000072   Code   RO         2534    i.HAL_UART_Init     stm32f4xx_hal_uart.o
    0x08005146   0x08005146   0x00000002   PAD
    0x08005148   0x08005148   0x00000390   Code   RO         6306    i.HAL_UART_MspInit  usart.o
    0x080054d8   0x080054d8   0x0000000c   Code   RO         7290    i.HAL_UART_RxCpltCallback  bsp_uart.o
    0x080054e4   0x080054e4   0x000000d6   Code   RO         2542    i.HAL_UART_Transmit  stm32f4xx_hal_uart.o
    0x080055ba   0x080055ba   0x0000000c   Code   RO         7291    i.HAL_UART_TxCpltCallback  bsp_uart.o
    0x080055c6   0x080055c6   0x00000004   Code   RO         6404    i.HardFault_Handler  stm32f4xx_it.o
    0x080055ca   0x080055ca   0x00000002   PAD
    0x080055cc   0x080055cc   0x00000058   Code   RO         6870    i.MX_CAN1_Init      can.o
    0x08005624   0x08005624   0x0000005c   Code   RO         6871    i.MX_CAN2_Init      can.o
    0x08005680   0x08005680   0x000000d8   Code   RO         6194    i.MX_DMA_Init       dma.o
    0x08005758   0x08005758   0x0000001c   Code   RO         7162    i.MX_FATFS_Init     fatfs.o
    0x08005774   0x08005774   0x00000144   Code   RO         6617    i.MX_FREERTOS_Init  freertos.o
    0x080058b8   0x080058b8   0x0000021c   Code   RO         6058    i.MX_GPIO_Init      gpio.o
    0x08005ad4   0x08005ad4   0x000000d0   Code   RO         7080    i.MX_RTC_Init       rtc.o
    0x08005ba4   0x08005ba4   0x00000024   Code   RO         6577    i.MX_SDIO_SD_Init   sdio.o
    0x08005bc8   0x08005bc8   0x00000058   Code   RO         7122    i.MX_SPI5_Init      spi.o
    0x08005c20   0x08005c20   0x00000088   Code   RO         6224    i.MX_TIM12_Init     tim.o
    0x08005ca8   0x08005ca8   0x000000f8   Code   RO         6225    i.MX_TIM1_Init      tim.o
    0x08005da0   0x08005da0   0x000000c4   Code   RO         6226    i.MX_TIM2_Init      tim.o
    0x08005e64   0x08005e64   0x00000094   Code   RO         6227    i.MX_TIM3_Init      tim.o
    0x08005ef8   0x08005ef8   0x000000cc   Code   RO         6228    i.MX_TIM4_Init      tim.o
    0x08005fc4   0x08005fc4   0x000000d4   Code   RO         6229    i.MX_TIM5_Init      tim.o
    0x08006098   0x08006098   0x00000104   Code   RO         6230    i.MX_TIM8_Init      tim.o
    0x0800619c   0x0800619c   0x00000050   Code   RO         6307    i.MX_USART1_UART_Init  usart.o
    0x080061ec   0x080061ec   0x0000004c   Code   RO         6308    i.MX_USART2_UART_Init  usart.o
    0x08006238   0x08006238   0x0000004c   Code   RO         6309    i.MX_USART3_UART_Init  usart.o
    0x08006284   0x08006284   0x0000004c   Code   RO         6310    i.MX_USART6_UART_Init  usart.o
    0x080062d0   0x080062d0   0x00000004   Code   RO         6405    i.MemManage_Handler  stm32f4xx_it.o
    0x080062d4   0x080062d4   0x00000002   Code   RO         6406    i.NMI_Handler       stm32f4xx_it.o
    0x080062d6   0x080062d6   0x00000002   PAD
    0x080062d8   0x080062d8   0x00000010   Code   RO         4647    i.NVIC_GetPriorityGrouping  stm32f4xx_hal_cortex.o
    0x080062e8   0x080062e8   0x00000028   Code   RO         4648    i.NVIC_SetPriority  stm32f4xx_hal_cortex.o
    0x08006310   0x08006310   0x00000060   Code   RO         8727    i.PID_struct_init   pid.o
    0x08006370   0x08006370   0x00000016   Code   RO         3193    i.RTC_Bcd2ToByte    stm32f4xx_hal_rtc.o
    0x08006386   0x08006386   0x0000001a   Code   RO         3194    i.RTC_ByteToBcd2    stm32f4xx_hal_rtc.o
    0x080063a0   0x080063a0   0x0000003e   Code   RO         3195    i.RTC_EnterInitMode  stm32f4xx_hal_rtc.o
    0x080063de   0x080063de   0x0000002c   Code   RO         1235    i.SDIO_ConfigData   stm32f4xx_ll_sdmmc.o
    0x0800640a   0x0800640a   0x00000008   Code   RO         1236    i.SDIO_GetCommandResponse  stm32f4xx_ll_sdmmc.o
    0x08006412   0x08006412   0x0000000a   Code   RO         1239    i.SDIO_GetPowerState  stm32f4xx_ll_sdmmc.o
    0x0800641c   0x0800641c   0x00000016   Code   RO         1240    i.SDIO_GetResponse  stm32f4xx_ll_sdmmc.o
    0x08006432   0x08006432   0x00000002   PAD
    0x08006434   0x08006434   0x00000010   Code   RO         6407    i.SDIO_IRQHandler   stm32f4xx_it.o
    0x08006444   0x08006444   0x00000034   Code   RO         1241    i.SDIO_Init         stm32f4xx_ll_sdmmc.o
    0x08006478   0x08006478   0x0000000a   Code   RO         1243    i.SDIO_PowerState_ON  stm32f4xx_ll_sdmmc.o
    0x08006482   0x08006482   0x00000008   Code   RO         1244    i.SDIO_ReadFIFO     stm32f4xx_ll_sdmmc.o
    0x0800648a   0x0800648a   0x00000028   Code   RO         1245    i.SDIO_SendCommand  stm32f4xx_ll_sdmmc.o
    0x080064b2   0x080064b2   0x0000000c   Code   RO         1247    i.SDIO_WriteFIFO    stm32f4xx_ll_sdmmc.o
    0x080064be   0x080064be   0x0000003a   Code   RO         1248    i.SDMMC_CmdAppCommand  stm32f4xx_ll_sdmmc.o
    0x080064f8   0x080064f8   0x0000003c   Code   RO         1249    i.SDMMC_CmdAppOperCommand  stm32f4xx_ll_sdmmc.o
    0x08006534   0x08006534   0x0000003a   Code   RO         1250    i.SDMMC_CmdBlockLength  stm32f4xx_ll_sdmmc.o
    0x0800656e   0x0800656e   0x0000003a   Code   RO         1251    i.SDMMC_CmdBusWidth  stm32f4xx_ll_sdmmc.o
    0x080065a8   0x080065a8   0x0000002e   Code   RO         1255    i.SDMMC_CmdGoIdleState  stm32f4xx_ll_sdmmc.o
    0x080065d6   0x080065d6   0x00000036   Code   RO         1257    i.SDMMC_CmdOperCond  stm32f4xx_ll_sdmmc.o
    0x0800660c   0x0800660c   0x0000003a   Code   RO         1258    i.SDMMC_CmdReadMultiBlock  stm32f4xx_ll_sdmmc.o
    0x08006646   0x08006646   0x0000003a   Code   RO         1259    i.SDMMC_CmdReadSingleBlock  stm32f4xx_ll_sdmmc.o
    0x08006680   0x08006680   0x0000003c   Code   RO         1262    i.SDMMC_CmdSelDesel  stm32f4xx_ll_sdmmc.o
    0x080066bc   0x080066bc   0x00000034   Code   RO         1263    i.SDMMC_CmdSendCID  stm32f4xx_ll_sdmmc.o
    0x080066f0   0x080066f0   0x00000034   Code   RO         1264    i.SDMMC_CmdSendCSD  stm32f4xx_ll_sdmmc.o
    0x08006724   0x08006724   0x0000003a   Code   RO         1265    i.SDMMC_CmdSendSCR  stm32f4xx_ll_sdmmc.o
    0x0800675e   0x0800675e   0x0000003a   Code   RO         1266    i.SDMMC_CmdSendStatus  stm32f4xx_ll_sdmmc.o
    0x08006798   0x08006798   0x0000003a   Code   RO         1267    i.SDMMC_CmdSetRelAdd  stm32f4xx_ll_sdmmc.o
    0x080067d2   0x080067d2   0x00000002   PAD
    0x080067d4   0x080067d4   0x0000003c   Code   RO         1269    i.SDMMC_CmdStopTransfer  stm32f4xx_ll_sdmmc.o
    0x08006810   0x08006810   0x0000003a   Code   RO         1271    i.SDMMC_CmdWriteMultiBlock  stm32f4xx_ll_sdmmc.o
    0x0800684a   0x0800684a   0x0000003a   Code   RO         1272    i.SDMMC_CmdWriteSingleBlock  stm32f4xx_ll_sdmmc.o
    0x08006884   0x08006884   0x00000040   Code   RO         1273    i.SDMMC_GetCmdError  stm32f4xx_ll_sdmmc.o
    0x080068c4   0x080068c4   0x000001a4   Code   RO         1274    i.SDMMC_GetCmdResp1  stm32f4xx_ll_sdmmc.o
    0x08006a68   0x08006a68   0x0000005c   Code   RO         1275    i.SDMMC_GetCmdResp2  stm32f4xx_ll_sdmmc.o
    0x08006ac4   0x08006ac4   0x00000050   Code   RO         1276    i.SDMMC_GetCmdResp3  stm32f4xx_ll_sdmmc.o
    0x08006b14   0x08006b14   0x000000b0   Code   RO         1277    i.SDMMC_GetCmdResp6  stm32f4xx_ll_sdmmc.o
    0x08006bc4   0x08006bc4   0x00000058   Code   RO         1278    i.SDMMC_GetCmdResp7  stm32f4xx_ll_sdmmc.o
    0x08006c1c   0x08006c1c   0x0000004c   Code   RO         1540    i.SD_DMARxAbort     stm32f4xx_hal_sd.o
    0x08006c68   0x08006c68   0x0000004c   Code   RO         1542    i.SD_DMATxAbort     stm32f4xx_hal_sd.o
    0x08006cb4   0x08006cb4   0x0000012c   Code   RO         1543    i.SD_FindSCR        stm32f4xx_hal_sd.o
    0x08006de0   0x08006de0   0x000000fc   Code   RO         1544    i.SD_InitCard       stm32f4xx_hal_sd.o
    0x08006edc   0x08006edc   0x000000ee   Code   RO         1546    i.SD_PowerON        stm32f4xx_hal_sd.o
    0x08006fca   0x08006fca   0x00000026   Code   RO         1547    i.SD_Read_IT        stm32f4xx_hal_sd.o
    0x08006ff0   0x08006ff0   0x00000032   Code   RO         1549    i.SD_SendStatus     stm32f4xx_hal_sd.o
    0x08007022   0x08007022   0x0000006a   Code   RO         1550    i.SD_WideBus_Disable  stm32f4xx_hal_sd.o
    0x0800708c   0x0800708c   0x0000006a   Code   RO         1551    i.SD_WideBus_Enable  stm32f4xx_hal_sd.o
    0x080070f6   0x080070f6   0x00000026   Code   RO         1552    i.SD_Write_IT       stm32f4xx_hal_sd.o
    0x0800711c   0x0800711c   0x00000028   Code   RO          236    i.SD_initialize     sd_diskio.o
    0x08007144   0x08007144   0x00000068   Code   RO          237    i.SD_ioctl          sd_diskio.o
    0x080071ac   0x080071ac   0x00000048   Code   RO          238    i.SD_read           sd_diskio.o
    0x080071f4   0x080071f4   0x00000028   Code   RO          239    i.SD_status         sd_diskio.o
    0x0800721c   0x0800721c   0x00000048   Code   RO          240    i.SD_write          sd_diskio.o
    0x08007264   0x08007264   0x00000028   Code   RO         4229    i.SPI_CheckFlag_BSY  stm32f4xx_hal_spi.o
    0x0800728c   0x0800728c   0x000000aa   Code   RO         4247    i.SPI_WaitFlagStateUntilTimeout  stm32f4xx_hal_spi.o
    0x08007336   0x08007336   0x0000000e   Code   RO         6618    i.StartDefaultTask  freertos.o
    0x08007344   0x08007344   0x00000020   Code   RO         7626    i.StartIdleMonitor  cpu_utils.o
    0x08007364   0x08007364   0x00000008   Code   RO         6408    i.SysTick_Handler   stm32f4xx_it.o
    0x0800736c   0x0800736c   0x00000108   Code   RO         6918    i.SystemClock_Config  main.o
    0x08007474   0x08007474   0x00000064   Code   RO          829    i.SystemInit        system_stm32f4xx.o
    0x080074d8   0x080074d8   0x00000010   Code   RO         6409    i.TIM6_DAC_IRQHandler  stm32f4xx_it.o
    0x080074e8   0x080074e8   0x000000e4   Code   RO         3400    i.TIM_Base_SetConfig  stm32f4xx_hal_tim.o
    0x080075cc   0x080075cc   0x0000001c   Code   RO         3401    i.TIM_CCxChannelCmd  stm32f4xx_hal_tim.o
    0x080075e8   0x080075e8   0x00000070   Code   RO         3409    i.TIM_OC1_SetConfig  stm32f4xx_hal_tim.o
    0x08007658   0x08007658   0x00000078   Code   RO         3410    i.TIM_OC2_SetConfig  stm32f4xx_hal_tim.o
    0x080076d0   0x080076d0   0x00000078   Code   RO         3411    i.TIM_OC3_SetConfig  stm32f4xx_hal_tim.o
    0x08007748   0x08007748   0x00000060   Code   RO         3412    i.TIM_OC4_SetConfig  stm32f4xx_hal_tim.o
    0x080077a8   0x080077a8   0x00000014   Code   RO         2547    i.UART_DMAAbortOnError  stm32f4xx_hal_uart.o
    0x080077bc   0x080077bc   0x00000020   Code   RO         2557    i.UART_EndRxTransfer  stm32f4xx_hal_uart.o
    0x080077dc   0x080077dc   0x00000020   Code   RO         2558    i.UART_EndTransmit_IT  stm32f4xx_hal_uart.o
    0x080077fc   0x080077fc   0x00000066   Code   RO         7292    i.UART_Receive_DMA_No_IT  bsp_uart.o
    0x08007862   0x08007862   0x0000009a   Code   RO         2560    i.UART_Receive_IT   stm32f4xx_hal_uart.o
    0x080078fc   0x080078fc   0x00000368   Code   RO         2561    i.UART_SetConfig    stm32f4xx_hal_uart.o
    0x08007c64   0x08007c64   0x00000068   Code   RO         2562    i.UART_Transmit_IT  stm32f4xx_hal_uart.o
    0x08007ccc   0x08007ccc   0x0000006c   Code   RO         2563    i.UART_WaitOnFlagUntilTimeout  stm32f4xx_hal_uart.o
    0x08007d38   0x08007d38   0x00000014   Code   RO         6410    i.USART1_IRQHandler  stm32f4xx_it.o
    0x08007d4c   0x08007d4c   0x00000014   Code   RO         6411    i.USART2_IRQHandler  stm32f4xx_it.o
    0x08007d60   0x08007d60   0x00000014   Code   RO         6412    i.USART3_IRQHandler  stm32f4xx_it.o
    0x08007d74   0x08007d74   0x00000014   Code   RO         6413    i.USART6_IRQHandler  stm32f4xx_it.o
    0x08007d88   0x08007d88   0x00000004   Code   RO         6414    i.UsageFault_Handler  stm32f4xx_it.o
    0x08007d8c   0x08007d8c   0x00000004   Code   RO         6919    i._Error_Handler    main.o
    0x08007d90   0x08007d90   0x00000030   Code   RO         9458    i.__ARM_fpclassify  m_wm.l(fpclassify.o)
    0x08007dc0   0x08007dc0   0x00000358   Code   RO         9253    i.__hardfp_acos     m_wm.l(acos.o)
    0x08008118   0x08008118   0x00000360   Code   RO         9267    i.__hardfp_asin     m_wm.l(asin.o)
    0x08008478   0x08008478   0x000002d8   Code   RO         9427    i.__hardfp_atan     m_wm.l(atan.o)
    0x08008750   0x08008750   0x000001f0   Code   RO         9281    i.__hardfp_atan2    m_wm.l(atan2.o)
    0x08008940   0x08008940   0x000000c8   Code   RO         9293    i.__hardfp_cos      m_wm.l(cos.o)
    0x08008a08   0x08008a08   0x00000014   Code   RO         9305    i.__hardfp_fabs     m_wm.l(fabs.o)
    0x08008a1c   0x08008a1c   0x00000004   PAD
    0x08008a20   0x08008a20   0x000000c8   Code   RO         9311    i.__hardfp_sin      m_wm.l(sin.o)
    0x08008ae8   0x08008ae8   0x0000007a   Code   RO         9323    i.__hardfp_sqrt     m_wm.l(sqrt.o)
    0x08008b62   0x08008b62   0x00000006   PAD
    0x08008b68   0x08008b68   0x00000438   Code   RO         9463    i.__ieee754_rem_pio2  m_wm.l(rred.o)
    0x08008fa0   0x08008fa0   0x00000170   Code   RO         9441    i.__kernel_cos      m_wm.l(cos_i.o)
    0x08009110   0x08009110   0x000000f8   Code   RO         9460    i.__kernel_poly     m_wm.l(poly.o)
    0x08009208   0x08009208   0x00000130   Code   RO         9468    i.__kernel_sin      m_wm.l(sin_i.o)
    0x08009338   0x08009338   0x00000014   Code   RO         9445    i.__mathlib_dbl_infnan  m_wm.l(dunder.o)
    0x0800934c   0x0800934c   0x00000014   Code   RO         9446    i.__mathlib_dbl_infnan2  m_wm.l(dunder.o)
    0x08009360   0x08009360   0x00000020   Code   RO         9447    i.__mathlib_dbl_invalid  m_wm.l(dunder.o)
    0x08009380   0x08009380   0x00000020   Code   RO         9450    i.__mathlib_dbl_underflow  m_wm.l(dunder.o)
    0x080093a0   0x080093a0   0x0000002e   Code   RO         8728    i.abs_limit         pid.o
    0x080093ce   0x080093ce   0x00000002   PAD
    0x080093d0   0x080093d0   0x00000030   Code   RO         8636    i.append_crc16_check_sum  protocol.o
    0x08009400   0x08009400   0x00000026   Code   RO         8637    i.append_crc8_check_sum  protocol.o
    0x08009426   0x08009426   0x000000c0   Code   RO          865    i.arm_mat_add_f32   arm_mat_add_f32.o
    0x080094e6   0x080094e6   0x00000008   Code   RO          899    i.arm_mat_init_f32  arm_mat_init_f32.o
    0x080094ee   0x080094ee   0x00000002   PAD
    0x080094f0   0x080094f0   0x00000310   Code   RO          923    i.arm_mat_inverse_f32  arm_mat_inverse_f32.o
    0x08009800   0x08009800   0x00000144   Code   RO          971    i.arm_mat_mult_f32  arm_mat_mult_f32.o
    0x08009944   0x08009944   0x000000c0   Code   RO         1019    i.arm_mat_sub_f32   arm_mat_sub_f32.o
    0x08009a04   0x08009a04   0x00000098   Code   RO         1043    i.arm_mat_trans_f32  arm_mat_trans_f32.o
    0x08009a9c   0x08009a9c   0x00000010   Code   RO         9429    i.atan              m_wm.l(atan.o)
    0x08009aac   0x08009aac   0x00000010   Code   RO         7543    i.beep_ctrl         bsp_io.o
    0x08009abc   0x08009abc   0x0000008c   Code   RO         8041    i.block_bullet_handler  shoot_task.o
    0x08009b48   0x08009b48   0x00000018   Code   RO         8779    i.cali_data_read    calibrate.o
    0x08009b60   0x08009b60   0x0000002c   Code   RO         8780    i.cali_param_init   calibrate.o
    0x08009b8c   0x08009b8c   0x00000068   Code   RO         7205    i.can_device_init   bsp_can.o
    0x08009bf4   0x08009bf4   0x00000050   Code   RO         8418    i.can_msg_send_task  comm_task.o
    0x08009c44   0x08009c44   0x0000001c   Code   RO         7206    i.can_receive_start  bsp_can.o
    0x08009c60   0x08009c60   0x00000020   Code   RO         8094    i.chassis_is_controllable  modeswitch_task.o
    0x08009c80   0x08009c80   0x00000090   Code   RO         8095    i.chassis_mode_handler  modeswitch_task.o
    0x08009d10   0x08009d10   0x00000010   Code   RO         8837    i.chassis_operation_func  keyboard.o
    0x08009d20   0x08009d20   0x00000070   Code   RO         8934    i.chassis_operation_func  remote_ctrl.o
    0x08009d90   0x08009d90   0x00000094   Code   RO         7978    i.chassis_param_init  chassis_task.o
    0x08009e24   0x08009e24   0x00000648   Code   RO         7683    i.chassis_position_measure  info_interactive.o
    0x0800a46c   0x0800a46c   0x00000024   Code   RO         7979    i.chassis_stop_handler  chassis_task.o
    0x0800a490   0x0800a490   0x00000248   Code   RO         7980    i.chassis_task      chassis_task.o
    0x0800a6d8   0x0800a6d8   0x00000198   Code   RO         7981    i.chassis_twist_handler  chassis_task.o
    0x0800a870   0x0800a870   0x000002c4   Code   RO         7875    i.closed_loop_handler  gimbal_task.o
    0x0800ab34   0x0800ab34   0x0000015c   Code   RO         8419    i.communicate_param_init  comm_task.o
    0x0800ac90   0x0800ac90   0x00000060   Code   RO         7293    i.computer_uart_init  bsp_uart.o
    0x0800acf0   0x0800acf0   0x00000058   Code   RO         8420    i.data_packet_pack  comm_task.o
    0x0800ad48   0x0800ad48   0x00000040   Code   RO         7294    i.dbus_uart_init    bsp_uart.o
    0x0800ad88   0x0800ad88   0x000000b8   Code   RO         8300    i.detect_task       detect_task.o
    0x0800ae40   0x0800ae40   0x00000038   Code   RO         8301    i.detector_param_init  detect_task.o
    0x0800ae78   0x0800ae78   0x000000f4   Code   RO         8487    i.dma_buffer_to_unpack_buffer  communicate.o
    0x0800af6c   0x0800af6c   0x00000008   Code   RO         7295    i.dma_current_data_counter  bsp_uart.o
    0x0800af74   0x0800af74   0x00000014   Code   RO         7296    i.dma_current_memory_target  bsp_uart.o
    0x0800af88   0x0800af88   0x0000000e   Code   RO         7297    i.dma_m0_rxcplt_callback  bsp_uart.o
    0x0800af96   0x0800af96   0x0000000e   Code   RO         7298    i.dma_m1_rxcplt_callback  bsp_uart.o
    0x0800afa4   0x0800afa4   0x000000a4   Code   RO         7207    i.encoder_data_handler  bsp_can.o
    0x0800b048   0x0800b048   0x00000020   Code   RO         8302    i.err_detector_hook  detect_task.o
    0x0800b068   0x0800b068   0x00000018   Code   RO         8838    i.exit_buff_hook    keyboard.o
    0x0800b080   0x0800b080   0x00000018   Code   RO         9307    i.fabs              m_wm.l(fabs.o)
    0x0800b098   0x0800b098   0x00000050   Code   RO         9011    i.fifo_s_get        data_fifo.o
    0x0800b0e8   0x0800b0e8   0x0000006e   Code   RO         9012    i.fifo_s_gets       data_fifo.o
    0x0800b156   0x0800b156   0x00000042   Code   RO         9013    i.fifo_s_init       data_fifo.o
    0x0800b198   0x0800b198   0x00000074   Code   RO         9016    i.fifo_s_puts       data_fifo.o
    0x0800b20c   0x0800b20c   0x00000010   Code   RO         9017    i.fifo_used_count   data_fifo.o
    0x0800b21c   0x0800b21c   0x000000a4   Code   RO         7982    i.follow_gimbal_handler  chassis_task.o
    0x0800b2c0   0x0800b2c0   0x000000c0   Code   RO         8421    i.freq_info_task    comm_task.o
    0x0800b380   0x0800b380   0x00000024   Code   RO         8042    i.fric_wheel_ctrl   shoot_task.o
    0x0800b3a4   0x0800b3a4   0x00000038   Code   RO         7684    i.get_chassis_info  info_interactive.o
    0x0800b3dc   0x0800b3dc   0x00000160   Code   RO         8096    i.get_chassis_mode  modeswitch_task.o
    0x0800b53c   0x0800b53c   0x00000034   Code   RO         8638    i.get_crc16_check_sum  protocol.o
    0x0800b570   0x0800b570   0x00000024   Code   RO         8639    i.get_crc8_check_sum  protocol.o
    0x0800b594   0x0800b594   0x00000002   Code   RO         7685    i.get_custom_data_info  info_interactive.o
    0x0800b596   0x0800b596   0x0000001a   Code   RO         7686    i.get_dma_memory_msg  info_interactive.o
    0x0800b5b0   0x0800b5b0   0x000000dc   Code   RO         7687    i.get_gimbal_info   info_interactive.o
    0x0800b68c   0x0800b68c   0x0000004c   Code   RO         8097    i.get_gimbal_mode   modeswitch_task.o
    0x0800b6d8   0x0800b6d8   0x00000018   Code   RO         8179    i.get_global_last_info  info_get_task.o
    0x0800b6f0   0x0800b6f0   0x0000002c   Code   RO         8098    i.get_global_last_mode  modeswitch_task.o
    0x0800b71c   0x0800b71c   0x0000015c   Code   RO         7688    i.get_infantry_info  info_interactive.o
    0x0800b878   0x0800b878   0x0000005c   Code   RO         8099    i.get_main_ctrl_mode  modeswitch_task.o
    0x0800b8d4   0x0800b8d4   0x00000014   Code   RO         7208    i.get_moto_offset   bsp_can.o
    0x0800b8e8   0x0800b8e8   0x0000003a   Code   RO         7689    i.get_relative_pos  info_interactive.o
    0x0800b922   0x0800b922   0x00000002   PAD
    0x0800b924   0x0800b924   0x00000074   Code   RO         7690    i.get_shoot_info    info_interactive.o
    0x0800b998   0x0800b998   0x00000060   Code   RO         8100    i.get_shoot_mode    modeswitch_task.o
    0x0800b9f8   0x0800b9f8   0x000000d4   Code   RO         7691    i.get_structure_param  info_interactive.o
    0x0800bacc   0x0800bacc   0x00000014   Code   RO         7544    i.get_trigger_key_state  bsp_io.o
    0x0800bae0   0x0800bae0   0x00000014   Code   RO         8422    i.get_upload_data   comm_task.o
    0x0800baf4   0x0800baf4   0x00000020   Code   RO         7876    i.gimbal_back_param  gimbal_task.o
    0x0800bb14   0x0800bb14   0x00000044   Code   RO         8781    i.gimbal_cali_hook  calibrate.o
    0x0800bb58   0x0800bb58   0x000000cc   Code   RO         7692    i.gimbal_cali_msg_hook  info_interactive.o
    0x0800bc24   0x0800bc24   0x00000030   Code   RO         8101    i.gimbal_is_controllable  modeswitch_task.o
    0x0800bc54   0x0800bc54   0x00000158   Code   RO         8102    i.gimbal_mode_handler  modeswitch_task.o
    0x0800bdac   0x0800bdac   0x00000054   Code   RO         8839    i.gimbal_operation_func  keyboard.o
    0x0800be00   0x0800be00   0x0000003c   Code   RO         8935    i.gimbal_operation_func  remote_ctrl.o
    0x0800be3c   0x0800be3c   0x00000120   Code   RO         7877    i.gimbal_param_init  gimbal_task.o
    0x0800bf5c   0x0800bf5c   0x000000c8   Code   RO         7878    i.gimbal_patrol_handler  gimbal_task.o
    0x0800c024   0x0800c024   0x00000018   Code   RO         7879    i.gimbal_self_check  gimbal_task.o
    0x0800c03c   0x0800c03c   0x00000330   Code   RO         7880    i.gimbal_task       gimbal_task.o
    0x0800c36c   0x0800c36c   0x0000015c   Code   RO         8303    i.global_err_detector_init  detect_task.o
    0x0800c4c8   0x0800c4c8   0x000007e0   Code   RO         8215    i.imu_AHRS_update   imu_task.o
    0x0800cca8   0x0800cca8   0x000002d8   Code   RO         8216    i.imu_attitude_update  imu_task.o
    0x0800cf80   0x0800cf80   0x00000114   Code   RO         8782    i.imu_cali_hook     calibrate.o
    0x0800d094   0x0800d094   0x0000000c   Code   RO         8217    i.imu_param_init    imu_task.o
    0x0800d0a0   0x0800d0a0   0x00000050   Code   RO         8218    i.imu_task          imu_task.o
    0x0800d0f0   0x0800d0f0   0x00000024   Code   RO         8219    i.imu_temp_ctrl_init  imu_task.o
    0x0800d114   0x0800d114   0x00000044   Code   RO         8220    i.imu_temp_keep     imu_task.o
    0x0800d158   0x0800d158   0x00000010   Code   RO         5281    i.inHandlerMode     cmsis_os.o
    0x0800d168   0x0800d168   0x00000078   Code   RO         8180    i.info_get_task     info_get_task.o
    0x0800d1e0   0x0800d1e0   0x000000bc   Code   RO         7881    i.init_mode_handler  gimbal_task.o
    0x0800d29c   0x0800d29c   0x000002d0   Code   RO         8221    i.init_quaternion   imu_task.o
    0x0800d56c   0x0800d56c   0x0000003c   Code   RO         8222    i.invSqrt           imu_task.o
    0x0800d5a8   0x0800d5a8   0x00000100   Code   RO         7400    i.ist8310_init      bsp_imu.o
    0x0800d6a8   0x0800d6a8   0x0000003a   Code   RO         7401    i.ist_reg_read_by_mpu  bsp_imu.o
    0x0800d6e2   0x0800d6e2   0x00000040   Code   RO         7402    i.ist_reg_write_by_mpu  bsp_imu.o
    0x0800d722   0x0800d722   0x00000002   PAD
    0x0800d724   0x0800d724   0x00000068   Code   RO         8423    i.judge_unpack_task  comm_task.o
    0x0800d78c   0x0800d78c   0x00000104   Code   RO         8588    i.judgement_data_handler  judgement_info.o
    0x0800d890   0x0800d890   0x00000060   Code   RO         7299    i.judgement_uart_init  bsp_uart.o
    0x0800d8f0   0x0800d8f0   0x00000178   Code   RO         9104    i.kalman_filter_calc  kalman_filter.o
    0x0800da68   0x0800da68   0x000000e0   Code   RO         9105    i.kalman_filter_init  kalman_filter.o
    0x0800db48   0x0800db48   0x00000028   Code   RO         8103    i.kb_enable_hook    modeswitch_task.o
    0x0800db70   0x0800db70   0x00000018   Code   RO         8840    i.kb_fric_ctrl      keyboard.o
    0x0800db88   0x0800db88   0x00000028   Code   RO         8841    i.kb_shoot_cmd      keyboard.o
    0x0800dbb0   0x0800dbb0   0x000000a8   Code   RO         8842    i.key_fsm           keyboard.o
    0x0800dc58   0x0800dc58   0x00000074   Code   RO         8843    i.keyboard_chassis_hook  keyboard.o
    0x0800dccc   0x0800dccc   0x0000007c   Code   RO         8844    i.keyboard_gimbal_hook  keyboard.o
    0x0800dd48   0x0800dd48   0x0000002c   Code   RO         8845    i.keyboard_global_hook  keyboard.o
    0x0800dd74   0x0800dd74   0x00000058   Code   RO         8846    i.keyboard_shoot_hook  keyboard.o
    0x0800ddcc   0x0800ddcc   0x0000008c   Code   RO         6920    i.main              main.o
    0x0800de58   0x0800de58   0x0000000e   Code   RO         5283    i.makeFreeRtosPriority  cmsis_os.o
    0x0800de66   0x0800de66   0x00000002   PAD
    0x0800de68   0x0800de68   0x000003d0   Code   RO         7983    i.mecanum_calc      chassis_task.o
    0x0800e238   0x0800e238   0x00000070   Code   RO         8104    i.mode_switch_task  modeswitch_task.o
    0x0800e2a8   0x0800e2a8   0x000001fc   Code   RO         8304    i.module_offline_callback  detect_task.o
    0x0800e4a4   0x0800e4a4   0x0000009c   Code   RO         8305    i.module_offline_detect  detect_task.o
    0x0800e540   0x0800e540   0x000000dc   Code   RO         8847    i.move_direction_ctrl  keyboard.o
    0x0800e61c   0x0800e61c   0x00000038   Code   RO         8848    i.move_spd_ctrl     keyboard.o
    0x0800e654   0x0800e654   0x00000078   Code   RO         7403    i.mpu_device_init   bsp_imu.o
    0x0800e6cc   0x0800e6cc   0x00000170   Code   RO         7404    i.mpu_get_data      bsp_imu.o
    0x0800e83c   0x0800e83c   0x0000000c   Code   RO         7545    i.mpu_heat_ctrl     bsp_io.o
    0x0800e848   0x0800e848   0x0000008c   Code   RO         7405    i.mpu_mst_i2c_auto_read_config  bsp_imu.o
    0x0800e8d4   0x0800e8d4   0x00000130   Code   RO         7406    i.mpu_offset_cal    bsp_imu.o
    0x0800ea04   0x0800ea04   0x00000054   Code   RO         7407    i.mpu_read_reg      bsp_imu.o
    0x0800ea58   0x0800ea58   0x00000064   Code   RO         7408    i.mpu_read_regs     bsp_imu.o
    0x0800eabc   0x0800eabc   0x00000058   Code   RO         7409    i.mpu_write_reg     bsp_imu.o
    0x0800eb14   0x0800eb14   0x00000068   Code   RO         7882    i.no_action_handler  gimbal_task.o
    0x0800eb7c   0x0800eb7c   0x00000044   Code   RO         7693    i.no_cali_data_handler  info_interactive.o
    0x0800ebc0   0x0800ebc0   0x00000018   Code   RO         5285    i.osDelay           cmsis_os.o
    0x0800ebd8   0x0800ebd8   0x0000001c   Code   RO         5286    i.osDelayUntil      cmsis_os.o
    0x0800ebf4   0x0800ebf4   0x0000000a   Code   RO         5288    i.osKernelStart     cmsis_os.o
    0x0800ebfe   0x0800ebfe   0x00000014   Code   RO         5289    i.osKernelSysTick   cmsis_os.o
    0x0800ec12   0x0800ec12   0x0000000c   Code   RO         5303    i.osMutexCreate     cmsis_os.o
    0x0800ec1e   0x0800ec1e   0x00000002   PAD
    0x0800ec20   0x0800ec20   0x00000050   Code   RO         5305    i.osMutexRelease    cmsis_os.o
    0x0800ec70   0x0800ec70   0x0000006c   Code   RO         5306    i.osMutexWait       cmsis_os.o
    0x0800ecdc   0x0800ecdc   0x00000060   Code   RO         5319    i.osSignalSet       cmsis_os.o
    0x0800ed3c   0x0800ed3c   0x00000062   Code   RO         5320    i.osSignalWait      cmsis_os.o
    0x0800ed9e   0x0800ed9e   0x00000010   Code   RO         5321    i.osSystickHandler  cmsis_os.o
    0x0800edae   0x0800edae   0x00000030   Code   RO         5322    i.osThreadCreate    cmsis_os.o
    0x0800edde   0x0800edde   0x00000002   PAD
    0x0800ede0   0x0800ede0   0x00000028   Code   RO         5333    i.osTimerCreate     cmsis_os.o
    0x0800ee08   0x0800ee08   0x00000068   Code   RO         5335    i.osTimerStart      cmsis_os.o
    0x0800ee70   0x0800ee70   0x000002e8   Code   RO         8549    i.pc_data_handler   infantry_info.o
    0x0800f158   0x0800f158   0x00000118   Code   RO         7883    i.pc_position_ctrl_handler  gimbal_task.o
    0x0800f270   0x0800f270   0x0000033c   Code   RO         7884    i.pc_relative_ctrl_handler  gimbal_task.o
    0x0800f5ac   0x0800f5ac   0x0000008c   Code   RO         8424    i.pc_unpack_task    comm_task.o
    0x0800f638   0x0800f638   0x000001fc   Code   RO         8729    i.pid_calc          pid.o
    0x0800f834   0x0800f834   0x00000014   Code   RO         8730    i.pid_param_init    pid.o
    0x0800f848   0x0800f848   0x00000034   Code   RO         8731    i.pid_reset         pid.o
    0x0800f87c   0x0800f87c   0x00000070   Code   RO         8488    i.protocol_packet_pack  communicate.o
    0x0800f8ec   0x0800f8ec   0x00000098   Code   RO         4848    i.prvAddCurrentTaskToDelayedList  tasks.o
    0x0800f984   0x0800f984   0x000000b8   Code   RO         4849    i.prvAddNewTaskToReadyList  tasks.o
    0x0800fa3c   0x0800fa3c   0x00000064   Code   RO         5648    i.prvCheckForValidListAndQueue  timers.o
    0x0800faa0   0x0800faa0   0x00000064   Code   RO         4850    i.prvCheckTasksWaitingTermination  tasks.o
    0x0800fb04   0x0800fb04   0x0000002a   Code   RO         5767    i.prvCopyDataFromQueue  queue.o
    0x0800fb2e   0x0800fb2e   0x0000007c   Code   RO         5768    i.prvCopyDataToQueue  queue.o
    0x0800fbaa   0x0800fbaa   0x00000012   Code   RO         4851    i.prvDeleteTCB      tasks.o
    0x0800fbbc   0x0800fbbc   0x00000028   Code   RO         5649    i.prvGetNextExpireTime  timers.o
    0x0800fbe4   0x0800fbe4   0x0000007c   Code   RO         4785    i.prvHeapInit       heap_4.o
    0x0800fc60   0x0800fc60   0x0000002c   Code   RO         4852    i.prvIdleTask       tasks.o
    0x0800fc8c   0x0800fc8c   0x0000001c   Code   RO         5769    i.prvInitialiseMutex  queue.o
    0x0800fca8   0x0800fca8   0x0000002a   Code   RO         5770    i.prvInitialiseNewQueue  queue.o
    0x0800fcd2   0x0800fcd2   0x000000b4   Code   RO         4853    i.prvInitialiseNewTask  tasks.o
    0x0800fd86   0x0800fd86   0x0000004e   Code   RO         5650    i.prvInitialiseNewTimer  timers.o
    0x0800fdd4   0x0800fdd4   0x00000068   Code   RO         4854    i.prvInitialiseTaskLists  tasks.o
    0x0800fe3c   0x0800fe3c   0x00000068   Code   RO         4786    i.prvInsertBlockIntoFreeList  heap_4.o
    0x0800fea4   0x0800fea4   0x00000058   Code   RO         5651    i.prvInsertTimerInActiveList  timers.o
    0x0800fefc   0x0800fefc   0x0000001a   Code   RO         5771    i.prvIsQueueEmpty   queue.o
    0x0800ff16   0x0800ff16   0x0000001e   Code   RO         5772    i.prvIsQueueFull    queue.o
    0x0800ff34   0x0800ff34   0x00000064   Code   RO         5652    i.prvProcessExpiredTimer  timers.o
    0x0800ff98   0x0800ff98   0x000000f8   Code   RO         5653    i.prvProcessReceivedCommands  timers.o
    0x08010090   0x08010090   0x00000074   Code   RO         5654    i.prvProcessTimerOrBlockTask  timers.o
    0x08010104   0x08010104   0x00000034   Code   RO         4856    i.prvResetNextTaskUnblockTime  tasks.o
    0x08010138   0x08010138   0x0000002c   Code   RO         5655    i.prvSampleTimeNow  timers.o
    0x08010164   0x08010164   0x000000a0   Code   RO         5656    i.prvSwitchTimerLists  timers.o
    0x08010204   0x08010204   0x00000016   Code   RO         4857    i.prvTaskCheckFreeStackSpace  tasks.o
    0x0801021a   0x0801021a   0x00000002   PAD
    0x0801021c   0x0801021c   0x00000040   Code   RO         5979    i.prvTaskExitError  port.o
    0x0801025c   0x0801025c   0x0000001a   Code   RO         5657    i.prvTimerTask      timers.o
    0x08010276   0x08010276   0x0000007e   Code   RO         5773    i.prvUnlockQueue    queue.o
    0x080102f4   0x080102f4   0x0000013c   Code   RO         4787    i.pvPortMalloc      heap_4.o
    0x08010430   0x08010430   0x00000020   Code   RO         4859    i.pvTaskIncrementMutexHeldCount  tasks.o
    0x08010450   0x08010450   0x00000030   Code   RO         7546    i.pwm_device_init   bsp_io.o
    0x08010480   0x08010480   0x0000002c   Code   RO         5980    i.pxPortInitialiseStack  port.o
    0x080104ac   0x080104ac   0x00000040   Code   RO         8694    i.ramp_calc         ramp.o
    0x080104ec   0x080104ec   0x00000008   Code   RO         8695    i.ramp_init         ramp.o
    0x080104f4   0x080104f4   0x00000176   Code   RO         8936    i.rc_callback_handler  remote_ctrl.o
    0x0801066a   0x0801066a   0x00000002   PAD
    0x0801066c   0x0801066c   0x00000018   Code   RO         8937    i.rc_fric_ctrl      remote_ctrl.o
    0x08010684   0x08010684   0x00000048   Code   RO         8938    i.rc_shoot_cmd      remote_ctrl.o
    0x080106cc   0x080106cc   0x00000024   Code   RO         7694    i.read_gimbal_offset  info_interactive.o
    0x080106f0   0x080106f0   0x0000001c   Code   RO         8939    i.remote_ctrl_chassis_hook  remote_ctrl.o
    0x0801070c   0x0801070c   0x00000018   Code   RO         8940    i.remote_ctrl_gimbal_hook  remote_ctrl.o
    0x08010724   0x08010724   0x00000054   Code   RO         8941    i.remote_ctrl_shoot_hook  remote_ctrl.o
    0x08010778   0x08010778   0x00000088   Code   RO         8105    i.remote_is_action  modeswitch_task.o
    0x08010800   0x08010800   0x00000018   Code   RO         8783    i.save_cali_data    calibrate.o
    0x08010818   0x08010818   0x00000074   Code   RO         7210    i.send_chassis_cur  bsp_can.o
    0x0801088c   0x0801088c   0x0000001a   Code   RO         7697    i.send_chassis_motor_ctrl_message  info_interactive.o
    0x080108a6   0x080108a6   0x00000002   PAD
    0x080108a8   0x080108a8   0x0000007c   Code   RO         7211    i.send_gimbal_cur   bsp_can.o
    0x08010924   0x08010924   0x00000016   Code   RO         7698    i.send_gimbal_motor_ctrl_message  info_interactive.o
    0x0801093a   0x0801093a   0x00000002   PAD
    0x0801093c   0x0801093c   0x00000050   Code   RO         8489    i.send_packed_fifo_data  communicate.o
    0x0801098c   0x0801098c   0x00000068   Code   RO         7984    i.separate_gimbal_handler  chassis_task.o
    0x080109f4   0x080109f4   0x00000158   Code   RO         8043    i.shoot_bullet_handler  shoot_task.o
    0x08010b4c   0x08010b4c   0x00000040   Code   RO         8044    i.shoot_param_init  shoot_task.o
    0x08010b8c   0x08010b8c   0x000000a0   Code   RO         8045    i.shoot_task        shoot_task.o
    0x08010c2c   0x08010c2c   0x0000006e   Code   RO         9325    i.sqrt              m_wm.l(sqrt.o)
    0x08010c9a   0x08010c9a   0x00000002   PAD
    0x08010c9c   0x08010c9c   0x000000d0   Code   RO         7885    i.target_speed_calc  gimbal_task.o
    0x08010d6c   0x08010d6c   0x00000010   Code   RO         7548    i.turn_off_friction_wheel  bsp_io.o
    0x08010d7c   0x08010d7c   0x00000014   Code   RO         7549    i.turn_off_laser    bsp_io.o
    0x08010d90   0x08010d90   0x0000000c   Code   RO         7550    i.turn_on_friction_wheel  bsp_io.o
    0x08010d9c   0x08010d9c   0x00000014   Code   RO         7551    i.turn_on_laser     bsp_io.o
    0x08010db0   0x08010db0   0x00000010   Code   RO         7699    i.uart_dma_full_signal  info_interactive.o
    0x08010dc0   0x08010dc0   0x00000044   Code   RO         7700    i.uart_idle_interrupt_signal  info_interactive.o
    0x08010e04   0x08010e04   0x00000002   Code   RO         7701    i.uart_read_completed_signal  info_interactive.o
    0x08010e06   0x08010e06   0x00000022   Code   RO         7300    i.uart_receive_handler  bsp_uart.o
    0x08010e28   0x08010e28   0x00000090   Code   RO         7301    i.uart_rx_idle_callback  bsp_uart.o
    0x08010eb8   0x08010eb8   0x00000002   Code   RO         7702    i.uart_write_completed_signal  info_interactive.o
    0x08010eba   0x08010eba   0x00000162   Code   RO         8490    i.unpack_fifo_data  communicate.o
    0x0801101c   0x0801101c   0x00000028   Code   RO         5942    i.uxListRemove      list.o
    0x08011044   0x08011044   0x00000028   Code   RO         4862    i.uxTaskGetStackHighWaterMark  tasks.o
    0x0801106c   0x0801106c   0x00000018   Code   RO         7628    i.vApplicationIdleHook  cpu_utils.o
    0x08011084   0x08011084   0x00000004   Code   RO         6619    i.vApplicationStackOverflowHook  freertos.o
    0x08011088   0x08011088   0x00000058   Code   RO         7629    i.vApplicationTickHook  cpu_utils.o
    0x080110e0   0x080110e0   0x0000001a   Code   RO         5943    i.vListInitialise   list.o
    0x080110fa   0x080110fa   0x00000006   Code   RO         5944    i.vListInitialiseItem  list.o
    0x08011100   0x08011100   0x00000034   Code   RO         5945    i.vListInsert       list.o
    0x08011134   0x08011134   0x00000018   Code   RO         5946    i.vListInsertEnd    list.o
    0x0801114c   0x0801114c   0x00000054   Code   RO         5982    i.vPortEnterCritical  port.o
    0x080111a0   0x080111a0   0x0000003c   Code   RO         5983    i.vPortExitCritical  port.o
    0x080111dc   0x080111dc   0x00000094   Code   RO         4788    i.vPortFree         heap_4.o
    0x08011270   0x08011270   0x00000020   Code   RO         5984    i.vPortSetupTimerInterrupt  port.o
    0x08011290   0x08011290   0x00000078   Code   RO         5985    i.vPortValidateInterruptPriority  port.o
    0x08011308   0x08011308   0x0000002c   Code   RO         5779    i.vQueueAddToRegistry  queue.o
    0x08011334   0x08011334   0x0000004a   Code   RO         5783    i.vQueueWaitForMessageRestricted  queue.o
    0x0801137e   0x0801137e   0x00000002   PAD
    0x08011380   0x08011380   0x0000005c   Code   RO         4868    i.vTaskDelay        tasks.o
    0x080113dc   0x080113dc   0x000000d4   Code   RO         4869    i.vTaskDelayUntil   tasks.o
    0x080114b0   0x080114b0   0x0000000c   Code   RO         4873    i.vTaskMissedYield  tasks.o
    0x080114bc   0x080114bc   0x00000038   Code   RO         4875    i.vTaskPlaceOnEventList  tasks.o
    0x080114f4   0x080114f4   0x00000040   Code   RO         4876    i.vTaskPlaceOnEventListRestricted  tasks.o
    0x08011534   0x08011534   0x000000b0   Code   RO         4878    i.vTaskPriorityInherit  tasks.o
    0x080115e4   0x080115e4   0x00000030   Code   RO         4882    i.vTaskSetTimeOutState  tasks.o
    0x08011614   0x08011614   0x00000094   Code   RO         4883    i.vTaskStartScheduler  tasks.o
    0x080116a8   0x080116a8   0x00000010   Code   RO         4885    i.vTaskSuspendAll   tasks.o
    0x080116b8   0x080116b8   0x000000b0   Code   RO         4886    i.vTaskSwitchContext  tasks.o
    0x08011768   0x08011768   0x00000040   Code   RO         8640    i.verify_crc16_check_sum  protocol.o
    0x080117a8   0x080117a8   0x00000030   Code   RO         8641    i.verify_crc8_check_sum  protocol.o
    0x080117d8   0x080117d8   0x00000016   Code   RO         7703    i.write_uart_blocking  info_interactive.o
    0x080117ee   0x080117ee   0x00000002   PAD
    0x080117f0   0x080117f0   0x0000013c   Code   RO         5986    i.xPortStartScheduler  port.o
    0x0801192c   0x0801192c   0x00000034   Code   RO         5987    i.xPortSysTickHandler  port.o
    0x08011960   0x08011960   0x00000022   Code   RO         5784    i.xQueueCreateMutex  queue.o
    0x08011982   0x08011982   0x00000058   Code   RO         5785    i.xQueueGenericCreate  queue.o
    0x080119da   0x080119da   0x00000002   PAD
    0x080119dc   0x080119dc   0x000001c4   Code   RO         5786    i.xQueueGenericReceive  queue.o
    0x08011ba0   0x08011ba0   0x00000098   Code   RO         5787    i.xQueueGenericReset  queue.o
    0x08011c38   0x08011c38   0x000001a8   Code   RO         5788    i.xQueueGenericSend  queue.o
    0x08011de0   0x08011de0   0x000000f8   Code   RO         5789    i.xQueueGenericSendFromISR  queue.o
    0x08011ed8   0x08011ed8   0x000000e0   Code   RO         5790    i.xQueueGiveFromISR  queue.o
    0x08011fb8   0x08011fb8   0x000000ca   Code   RO         5794    i.xQueueReceiveFromISR  queue.o
    0x08012082   0x08012082   0x00000002   PAD
    0x08012084   0x08012084   0x0000008c   Code   RO         4887    i.xTaskCheckForTimeOut  tasks.o
    0x08012110   0x08012110   0x00000060   Code   RO         4888    i.xTaskCreate       tasks.o
    0x08012170   0x08012170   0x00000104   Code   RO         4889    i.xTaskGenericNotify  tasks.o
    0x08012274   0x08012274   0x00000144   Code   RO         4890    i.xTaskGenericNotifyFromISR  tasks.o
    0x080123b8   0x080123b8   0x0000000c   Code   RO         4891    i.xTaskGetCurrentTaskHandle  tasks.o
    0x080123c4   0x080123c4   0x00000020   Code   RO         4892    i.xTaskGetSchedulerState  tasks.o
    0x080123e4   0x080123e4   0x0000000c   Code   RO         4893    i.xTaskGetTickCount  tasks.o
    0x080123f0   0x080123f0   0x00000014   Code   RO         4894    i.xTaskGetTickCountFromISR  tasks.o
    0x08012404   0x08012404   0x00000154   Code   RO         4895    i.xTaskIncrementTick  tasks.o
    0x08012558   0x08012558   0x000000a0   Code   RO         4897    i.xTaskNotifyWait   tasks.o
    0x080125f8   0x080125f8   0x000000c8   Code   RO         4898    i.xTaskPriorityDisinherit  tasks.o
    0x080126c0   0x080126c0   0x00000098   Code   RO         4899    i.xTaskRemoveFromEventList  tasks.o
    0x08012758   0x08012758   0x00000104   Code   RO         4901    i.xTaskResumeAll    tasks.o
    0x0801285c   0x0801285c   0x00000030   Code   RO         5660    i.xTimerCreate      timers.o
    0x0801288c   0x0801288c   0x00000054   Code   RO         5661    i.xTimerCreateTimerTask  timers.o
    0x080128e0   0x080128e0   0x00000084   Code   RO         5662    i.xTimerGenericCommand  timers.o
    0x08012964   0x08012964   0x00000018   Code   RO         9412    x$fpl$basic         fz_wm.l(basic.o)
    0x0801297c   0x0801297c   0x00000062   Code   RO         9217    x$fpl$d2f           fz_wm.l(d2f.o)
    0x080129de   0x080129de   0x00000002   PAD
    0x080129e0   0x080129e0   0x00000150   Code   RO         9219    x$fpl$dadd          fz_wm.l(daddsub_clz.o)
    0x08012b30   0x08012b30   0x00000018   Code   RO         9414    x$fpl$dcmpinf       fz_wm.l(dcmpi.o)
    0x08012b48   0x08012b48   0x000002b0   Code   RO         9226    x$fpl$ddiv          fz_wm.l(ddiv.o)
    0x08012df8   0x08012df8   0x0000005e   Code   RO         9231    x$fpl$dfix          fz_wm.l(dfix.o)
    0x08012e56   0x08012e56   0x00000002   PAD
    0x08012e58   0x08012e58   0x0000005a   Code   RO         9235    x$fpl$dfixu         fz_wm.l(dfixu.o)
    0x08012eb2   0x08012eb2   0x0000002e   Code   RO         9240    x$fpl$dflt          fz_wm.l(dflt_clz.o)
    0x08012ee0   0x08012ee0   0x00000026   Code   RO         9239    x$fpl$dfltu         fz_wm.l(dflt_clz.o)
    0x08012f06   0x08012f06   0x00000002   PAD
    0x08012f08   0x08012f08   0x00000078   Code   RO         9245    x$fpl$dleqf         fz_wm.l(dleqf.o)
    0x08012f80   0x08012f80   0x00000154   Code   RO         9247    x$fpl$dmul          fz_wm.l(dmul.o)
    0x080130d4   0x080130d4   0x0000009c   Code   RO         9416    x$fpl$dnaninf       fz_wm.l(dnaninf.o)
    0x08013170   0x08013170   0x0000000c   Code   RO         9418    x$fpl$dretinf       fz_wm.l(dretinf.o)
    0x0801317c   0x0801317c   0x0000006c   Code   RO         9249    x$fpl$drleqf        fz_wm.l(drleqf.o)
    0x080131e8   0x080131e8   0x00000016   Code   RO         9220    x$fpl$drsb          fz_wm.l(daddsub_clz.o)
    0x080131fe   0x080131fe   0x00000002   PAD
    0x08013200   0x08013200   0x00000198   Code   RO         9420    x$fpl$dsqrt         fz_wm.l(dsqrt_umaal.o)
    0x08013398   0x08013398   0x000001d4   Code   RO         9221    x$fpl$dsub          fz_wm.l(daddsub_clz.o)
    0x0801356c   0x0801356c   0x00000056   Code   RO         9251    x$fpl$f2d           fz_wm.l(f2d.o)
    0x080135c2   0x080135c2   0x0000008c   Code   RO         9422    x$fpl$fnaninf       fz_wm.l(fnaninf.o)
    0x0801364e   0x0801364e   0x0000000a   Code   RO         9516    x$fpl$fpinit        fz_wm.l(fpinit.o)
    0x08013658   0x08013658   0x0000000a   Code   RO         9424    x$fpl$fretinf       fz_wm.l(fretinf.o)
    0x08013662   0x08013662   0x00000000   Code   RO         9426    x$fpl$usenofp       fz_wm.l(usenofp.o)
    0x08013662   0x08013662   0x00000002   PAD
    0x08013664   0x08013664   0x00000014   Data   RO          241    .constdata          sd_diskio.o
    0x08013678   0x08013678   0x00000018   Data   RO          830    .constdata          system_stm32f4xx.o
    0x08013690   0x08013690   0x00000008   Data   RO         1895    .constdata          stm32f4xx_hal_dma.o
    0x08013698   0x08013698   0x000000bc   Data   RO         6620    .constdata          freertos.o
    0x08013754   0x08013754   0x0000000e   Data   RO         7411    .constdata          bsp_imu.o
    0x08013762   0x08013762   0x00000002   PAD
    0x08013764   0x08013764   0x00000014   Data   RO         8426    .constdata          comm_task.o
    0x08013778   0x08013778   0x00000302   Data   RO         8642    .constdata          protocol.o
    0x08013a7a   0x08013a7a   0x00000006   PAD
    0x08013a80   0x08013a80   0x00000050   Data   RO         9256    .constdata          m_wm.l(acos.o)
    0x08013ad0   0x08013ad0   0x00000050   Data   RO         9270    .constdata          m_wm.l(asin.o)
    0x08013b20   0x08013b20   0x00000098   Data   RO         9430    .constdata          m_wm.l(atan.o)
    0x08013bb8   0x08013bb8   0x00000030   Data   RO         9442    .constdata          m_wm.l(cos_i.o)
    0x08013be8   0x08013be8   0x00000008   Data   RO         9462    .constdata          m_wm.l(qnan.o)
    0x08013bf0   0x08013bf0   0x000000c8   Data   RO         9465    .constdata          m_wm.l(rred.o)
    0x08013cb8   0x08013cb8   0x00000028   Data   RO         9469    .constdata          m_wm.l(sin_i.o)
    0x08013ce0   0x08013ce0   0x00000064   Data   RO         6621    .conststring        freertos.o
    0x08013d44   0x08013d44   0x00000009   Data   RO         8427    .conststring        comm_task.o
    0x08013d4d   0x08013d4d   0x00000003   PAD
    0x08013d50   0x08013d50   0x00000020   Data   RO         9601    Region$$Table       anon$$obj.o


    Execution Region RW_IRAM1 (Exec base: 0x20000000, Load base: 0x08013d70, Size: 0x00008e18, Max: 0x00030000, ABSOLUTE, COMPRESSED[0x00000094])

    Exec Addr    Load Addr    Size         Type   Attr      Idx    E Section Name        Object

    0x20000000   COMPRESSED   0x00000001   Data   RW          242    .data               sd_diskio.o
    0x20000001   COMPRESSED   0x00000003   PAD
    0x20000004   COMPRESSED   0x00000004   Data   RW          831    .data               system_stm32f4xx.o
    0x20000008   COMPRESSED   0x00000004   Data   RW         2010    .data               stm32f4xx_hal.o
    0x2000000c   COMPRESSED   0x00000018   Data   RW         4793    .data               heap_4.o
    0x20000024   COMPRESSED   0x0000003c   Data   RW         4904    .data               tasks.o
    0x20000060   COMPRESSED   0x00000014   Data   RW         5668    .data               timers.o
    0x20000074   COMPRESSED   0x0000000c   Data   RW         5988    .data               port.o
    0x20000080   COMPRESSED   0x00000034   Data   RW         6622    .data               freertos.o
    0x200000b4   COMPRESSED   0x00000004   Data   RW         6873    .data               can.o
    0x200000b8   COMPRESSED   0x00000005   Data   RW         7165    .data               fatfs.o
    0x200000bd   COMPRESSED   0x00000001   Data   RW         7213    .data               bsp_can.o
    0x200000be   COMPRESSED   0x00000002   Data   RW         7412    .data               bsp_imu.o
    0x200000c0   COMPRESSED   0x00000004   Data   RW         7507    .data               bsp_flash.o
    0x200000c4   COMPRESSED   0x00000018   Data   RW         7630    .data               cpu_utils.o
    0x200000dc   COMPRESSED   0x00000004   PAD
    0x200000e0   COMPRESSED   0x000000bd   Data   RW         7705    .data               info_interactive.o
    0x2000019d   COMPRESSED   0x00000003   PAD
    0x200001a0   COMPRESSED   0x000002b8   Data   RW         7887    .data               gimbal_task.o
    0x20000458   COMPRESSED   0x00000030   Data   RW         7986    .data               chassis_task.o
    0x20000488   COMPRESSED   0x00000025   Data   RW         8047    .data               shoot_task.o
    0x200004ad   COMPRESSED   0x00000003   PAD
    0x200004b0   COMPRESSED   0x00000006   Data   RW         8106    .data               modeswitch_task.o
    0x200004b6   COMPRESSED   0x00000002   PAD
    0x200004b8   COMPRESSED   0x0000000c   Data   RW         8182    .data               info_get_task.o
    0x200004c4   COMPRESSED   0x00000064   Data   RW         8224    .data               imu_task.o
    0x20000528   COMPRESSED   0x00000010   Data   RW         8307    .data               detect_task.o
    0x20000538   COMPRESSED   0x00000030   Data   RW         8428    .data               comm_task.o
    0x20000568   COMPRESSED   0x00000009   Data   RW         8491    .data               communicate.o
    0x20000571   COMPRESSED   0x00000003   PAD
    0x20000574   COMPRESSED   0x00000035   Data   RW         8551    .data               infantry_info.o
    0x200005a9   COMPRESSED   0x00000001   PAD
    0x200005aa   COMPRESSED   0x00000002   Data   RW         8643    .data               protocol.o
    0x200005ac   COMPRESSED   0x00000004   Data   RW         8785    .data               calibrate.o
    0x200005b0   COMPRESSED   0x00000028   Data   RW         8850    .data               keyboard.o
    0x200005d8   COMPRESSED   0x00000008   Data   RW         9106    .data               kalman_filter.o
    0x200005e0        -       0x0000000c   Zero   RW          782    .bss                ff_gen_drv.o
    0x200005ec        -       0x00000020   Zero   RW         4528    .bss                stm32f4xx_hal_flash.o
    0x2000060c        -       0x00003c00   Zero   RW         4792    .bss                heap_4.o
    0x2000420c        -       0x000000f0   Zero   RW         4903    .bss                tasks.o
    0x200042fc        -       0x00000028   Zero   RW         5667    .bss                timers.o
    0x20004324        -       0x00000040   Zero   RW         5795    .bss                queue.o
    0x20004364        -       0x000001a4   Zero   RW         6231    .bss                tim.o
    0x20004508        -       0x000003a0   Zero   RW         6311    .bss                usart.o
    0x200048a8        -       0x00000144   Zero   RW         6578    .bss                sdio.o
    0x200049ec        -       0x00000088   Zero   RW         6872    .bss                can.o
    0x20004a74        -       0x0000003c   Zero   RW         7041    .bss                stm32f4xx_hal_timebase_tim.o
    0x20004ab0        -       0x00000020   Zero   RW         7081    .bss                rtc.o
    0x20004ad0        -       0x00000058   Zero   RW         7123    .bss                spi.o
    0x20004b28        -       0x00000224   Zero   RW         7212    .bss                bsp_can.o
    0x20004d4c        -       0x00001000   Zero   RW         7302    .bss                bsp_uart.o
    0x20005d4c        -       0x0000001c   Zero   RW         7410    .bss                bsp_imu.o
    0x20005d68        -       0x00000974   Zero   RW         7886    .bss                gimbal_task.o
    0x200066dc        -       0x00000038   Zero   RW         7985    .bss                chassis_task.o
    0x20006714        -       0x00000026   Zero   RW         8046    .bss                shoot_task.o
    0x2000673a        -       0x0000000c   Zero   RW         8181    .bss                info_get_task.o
    0x20006746   COMPRESSED   0x00000002   PAD
    0x20006748        -       0x0000007c   Zero   RW         8223    .bss                imu_task.o
    0x200067c4        -       0x0000012c   Zero   RW         8306    .bss                detect_task.o
    0x200068f0        -       0x00000a30   Zero   RW         8425    .bss                comm_task.o
    0x20007320        -       0x000000fa   Zero   RW         8550    .bss                infantry_info.o
    0x2000741a        -       0x00000058   Zero   RW         8589    .bss                judgement_info.o
    0x20007472   COMPRESSED   0x00000002   PAD
    0x20007474        -       0x00000390   Zero   RW         8732    .bss                pid.o
    0x20007804        -       0x00000048   Zero   RW         8784    .bss                calibrate.o
    0x2000784c        -       0x00000024   Zero   RW         8849    .bss                keyboard.o
    0x20007870        -       0x00000046   Zero   RW         8942    .bss                remote_ctrl.o
    0x200078b6   COMPRESSED   0x00000002   PAD
    0x200078b8        -       0x00000060   Zero   RW         9477    .bss                c_w.l(libspace.o)
    0x20007918        -       0x00000500   Zero   RW         1065    HEAP                startup_stm32f427xx.o
    0x20007e18        -       0x00001000   Zero   RW         1064    STACK               startup_stm32f427xx.o


==============================================================================

Image component sizes


      Code (inc. data)   RO Data    RW Data    ZI Data      Debug   Object Name

       192          0          0          0          0      14606   arm_mat_add_f32.o
         8          0          0          0          0        927   arm_mat_init_f32.o
       784          6          0          0          0       2566   arm_mat_inverse_f32.o
       324          4          0          0          0       1555   arm_mat_mult_f32.o
       192          0          0          0          0       1330   arm_mat_sub_f32.o
       152          0          0          0          0       1220   arm_mat_trans_f32.o
      1030         88          0          1        548       6491   bsp_can.o
       200         26          0          0          0       3936   bsp_driver_sd.o
       568        100          0          4          0       5784   bsp_flash.o
      1582         92         14          2         28       6844   bsp_imu.o
       164         46          0          0          0       3686   bsp_io.o
      1584         62          0          0       4096      10347   bsp_uart.o
       436         58          0          4         72       4160   calibrate.o
       488         74          0          4        136       2258   can.o
      2420        236          0         48         56       7006   chassis_task.o
       714         20          0          0          0      21730   cmsis_os.o
       972        176         29         48       2608       7165   comm_task.o
       790         28          0          9          0      12176   communicate.o
       204         46          0         24          0       2512   cpu_utils.o
       388          0          0          0          0       4437   data_fifo.o
      1284         78          0         16        300       5530   detect_task.o
         0          0          0          0          0     823484   diskio.o
       216          6          0          0          0        810   dma.o
        28         12          0          5          0        958   fatfs.o
       102          6          0          0         12       1623   ff_gen_drv.o
       342         50        288         52          0     762434   freertos.o
      3676        452          0        696       2420      26044   gimbal_task.o
       540         36          0          0          0       1227   gpio.o
       692         62          0         24      15360      12667   heap_4.o
      3720        348          0        100        124       7611   imu_task.o
       744         92          0         53        250       6701   infantry_info.o
       144         22          0         12         12       1416   info_get_task.o
      3112        368          0        189          0      15065   info_interactive.o
       260         30          0          0         88       3871   judgement_info.o
       600         10          0          8          0       3276   kalman_filter.o
      1004        112          0         40         36       9275   keyboard.o
       148          0          0          0          0       3462   list.o
       432         30          0          0          0       3221   main.o
      1516        204          0          6          0       6864   modeswitch_task.o
       722         18          0          0        912       4901   pid.o
       958         92          0         12          0      11789   port.o
       286         18        770          2          0       4570   protocol.o
      2360         22          0          0         64      18316   queue.o
        72          6          0          0          0       1752   ramp.o
       778         58          0          0         70       5912   remote_ctrl.o
       232         32          0          0         32       1471   rtc.o
       328         32         20          1          0       4540   sd_diskio.o
       380         54          0          0        324       1755   sdio.o
       744        102          0         37         38       4354   shoot_task.o
       180         36          0          0         88       1529   spi.o
        64         26        428          0       5376        796   startup_stm32f427xx.o
       118         16          0          4          0       3696   stm32f4xx_hal.o
      2818         32          0          0          0       7164   stm32f4xx_hal_can.o
       338         22          0          0          0      31369   stm32f4xx_hal_cortex.o
      1228         20          8          0          0       5995   stm32f4xx_hal_dma.o
       656         60          0          0         32       5810   stm32f4xx_hal_flash.o
       488         24          0          0          0       3206   stm32f4xx_hal_flash_ex.o
       568         54          0          0          0       2935   stm32f4xx_hal_gpio.o
        86          0          0          0          0        494   stm32f4xx_hal_msp.o
       164         12          0          0          0       1244   stm32f4xx_hal_pwr_ex.o
      1912         90          0          0          0       5977   stm32f4xx_hal_rcc.o
       880         24          0          0          0       1532   stm32f4xx_hal_rcc_ex.o
       932         14          0          0          0       5602   stm32f4xx_hal_rtc.o
       290          0          0          0          0       2682   stm32f4xx_hal_rtc_ex.o
      3832         12          0          0          0      18690   stm32f4xx_hal_sd.o
       892          0          0          0          0       4213   stm32f4xx_hal_spi.o
      1594         88          0          0          0      11857   stm32f4xx_hal_tim.o
       228          0          0          0          0       3078   stm32f4xx_hal_tim_ex.o
       140         18          0          0         60       1444   stm32f4xx_hal_timebase_tim.o
      1984         14          0          0          0       8339   stm32f4xx_hal_uart.o
       348        106          0          0          0      12159   stm32f4xx_it.o
      2090         40          0          0          0      23511   stm32f4xx_ll_sdmmc.o
         0          0          0          0          0       1472   syscall.o
       100         18         24          4          0       1103   system_stm32f4xx.o
      3936        460          0         60        240      39039   tasks.o
      2108        246          0          0        420       6667   tim.o
      1264        116          0         20         40      11858   timers.o
      1220        192          0          0        928       4022   usart.o

    ----------------------------------------------------------------------
     69128       5154       1624       1504      34776    2103118   Object Totals
         0          0         32          0          0          0   (incl. Generated)
        58          0         11         19          6          0   (incl. Padding)

    ----------------------------------------------------------------------

      Code (inc. data)   RO Data    RW Data    ZI Data      Debug   Library Member Name

        90          0          0          0          0          0   __dczerorl2.o
         8          0          0          0          0         68   __main.o
         0          0          0          0          0          0   __rtentry.o
        12          0          0          0          0          0   __rtentry2.o
         6          0          0          0          0          0   __rtentry4.o
        52          8          0          0          0          0   __scatter.o
        28          0          0          0          0          0   __scatter_zi.o
        22          0          0          0          0        100   _rserrno.o
        16          0          0          0          0         68   aeabi_memset.o
        18          0          0          0          0         80   exit.o
         6          0          0          0          0        152   heapauxi.o
         0          0          0          0          0          0   indicate_semi.o
         2          0          0          0          0          0   libinit.o
         6          0          0          0          0          0   libinit2.o
         2          0          0          0          0          0   libshutdown.o
         2          0          0          0          0          0   libshutdown2.o
         8          4          0          0         96         68   libspace.o
         8          4          0          0          0         68   rt_errno_addr_intlibspace.o
        68          0          0          0          0         68   rt_memclr.o
        78          0          0          0          0         80   rt_memclr_w.o
       138          0          0          0          0         68   rt_memcpy_v6.o
       100          0          0          0          0         80   rt_memcpy_w.o
         2          0          0          0          0          0   rtexit.o
        10          0          0          0          0          0   rtexit2.o
        12          4          0          0          0         68   sys_exit.o
        74          0          0          0          0         80   sys_stackheap_outer.o
         2          0          0          0          0         68   use_no_semi.o
        24          0          0          0          0        164   basic.o
        98          4          0          0          0        140   d2f.o
       826         16          0          0          0        492   daddsub_clz.o
        24          0          0          0          0        116   dcmpi.o
       688        140          0          0          0        256   ddiv.o
        94          4          0          0          0        140   dfix.o
        90          4          0          0          0        140   dfixu.o
        84          0          0          0          0        232   dflt_clz.o
       120          4          0          0          0        140   dleqf.o
       340         12          0          0          0        152   dmul.o
       156          4          0          0          0        140   dnaninf.o
        12          0          0          0          0        116   dretinf.o
       108          0          0          0          0        128   drleqf.o
       408         56          0          0          0        168   dsqrt_umaal.o
        86          4          0          0          0        132   f2d.o
       140          4          0          0          0        132   fnaninf.o
        10          0          0          0          0        116   fpinit.o
        10          0          0          0          0        116   fretinf.o
         0          0          0          0          0          0   usenofp.o
       856        118         80          0          0        288   acos.o
       864         94         80          0          0        280   asin.o
       744        106        152          0          0        352   atan.o
       496         64          0          0          0        192   atan2.o
       200         20          0          0          0        164   cos.o
       368         46         48          0          0        200   cos_i.o
       104         16          0          0          0        496   dunder.o
        44          0          0          0          0        248   fabs.o
        48          0          0          0          0        124   fpclassify.o
       248          0          0          0          0        152   poly.o
         0          0          8          0          0          0   qnan.o
      1080        142        200          0          0        188   rred.o
       200         20          0          0          0        164   sin.o
       304         24         40          0          0        208   sin_i.o
       232          0          0          0          0        296   sqrt.o

    ----------------------------------------------------------------------
      9904        922        608          0         96       7488   Library Totals
        28          0          0          0          0          0   (incl. Padding)

    ----------------------------------------------------------------------

      Code (inc. data)   RO Data    RW Data    ZI Data      Debug   Library Name

       770         20          0          0         96       1116   c_w.l
      3318        252          0          0          0       3020   fz_wm.l
      5788        650        608          0          0       3352   m_wm.l

    ----------------------------------------------------------------------
      9904        922        608          0         96       7488   Library Totals

    ----------------------------------------------------------------------

==============================================================================


      Code (inc. data)   RO Data    RW Data    ZI Data      Debug   

     79032       6076       2232       1504      34872    2057286   Grand Totals
     79032       6076       2232        148      34872    2057286   ELF Image Totals (compressed)
     79032       6076       2232        148          0          0   ROM Totals

==============================================================================

    Total RO  Size (Code + RO Data)                81264 (  79.36kB)
    Total RW  Size (RW Data + ZI Data)             36376 (  35.52kB)
    Total ROM Size (Code + RO Data + RW Data)      81412 (  79.50kB)

==============================================================================

